Archive member included to satisfy reference by file (symbol)

c:/st/stm32cubeide_1.10.1/stm32cubeide/plugins/com.st.stm32cube.ide.mcu.externaltools.gnu-tools-for-stm32.10.3-2021.10.win32_1.0.0.202111181127/tools/bin/../lib/gcc/arm-none-eabi/10.3.1/../../../../arm-none-eabi/lib/thumb/v7e-m+fp/hard\libc_nano.a(lib_a-errno.o)
                              ./Core/Src/syscalls.o (__errno)
c:/st/stm32cubeide_1.10.1/stm32cubeide/plugins/com.st.stm32cube.ide.mcu.externaltools.gnu-tools-for-stm32.10.3-2021.10.win32_1.0.0.202111181127/tools/bin/../lib/gcc/arm-none-eabi/10.3.1/../../../../arm-none-eabi/lib/thumb/v7e-m+fp/hard\libc_nano.a(lib_a-exit.o)
                              c:/st/stm32cubeide_1.10.1/stm32cubeide/plugins/com.st.stm32cube.ide.mcu.externaltools.gnu-tools-for-stm32.10.3-2021.10.win32_1.0.0.202111181127/tools/bin/../lib/gcc/arm-none-eabi/10.3.1/../../../../arm-none-eabi/lib/thumb/v7e-m+fp/hard/crt0.o (exit)
c:/st/stm32cubeide_1.10.1/stm32cubeide/plugins/com.st.stm32cube.ide.mcu.externaltools.gnu-tools-for-stm32.10.3-2021.10.win32_1.0.0.202111181127/tools/bin/../lib/gcc/arm-none-eabi/10.3.1/../../../../arm-none-eabi/lib/thumb/v7e-m+fp/hard\libc_nano.a(lib_a-impure.o)
                              c:/st/stm32cubeide_1.10.1/stm32cubeide/plugins/com.st.stm32cube.ide.mcu.externaltools.gnu-tools-for-stm32.10.3-2021.10.win32_1.0.0.202111181127/tools/bin/../lib/gcc/arm-none-eabi/10.3.1/../../../../arm-none-eabi/lib/thumb/v7e-m+fp/hard\libc_nano.a(lib_a-exit.o) (_global_impure_ptr)
c:/st/stm32cubeide_1.10.1/stm32cubeide/plugins/com.st.stm32cube.ide.mcu.externaltools.gnu-tools-for-stm32.10.3-2021.10.win32_1.0.0.202111181127/tools/bin/../lib/gcc/arm-none-eabi/10.3.1/../../../../arm-none-eabi/lib/thumb/v7e-m+fp/hard\libc_nano.a(lib_a-init.o)
                              c:/st/stm32cubeide_1.10.1/stm32cubeide/plugins/com.st.stm32cube.ide.mcu.externaltools.gnu-tools-for-stm32.10.3-2021.10.win32_1.0.0.202111181127/tools/bin/../lib/gcc/arm-none-eabi/10.3.1/../../../../arm-none-eabi/lib/thumb/v7e-m+fp/hard/crt0.o (__libc_init_array)
c:/st/stm32cubeide_1.10.1/stm32cubeide/plugins/com.st.stm32cube.ide.mcu.externaltools.gnu-tools-for-stm32.10.3-2021.10.win32_1.0.0.202111181127/tools/bin/../lib/gcc/arm-none-eabi/10.3.1/../../../../arm-none-eabi/lib/thumb/v7e-m+fp/hard\libc_nano.a(lib_a-memset.o)
                              c:/st/stm32cubeide_1.10.1/stm32cubeide/plugins/com.st.stm32cube.ide.mcu.externaltools.gnu-tools-for-stm32.10.3-2021.10.win32_1.0.0.202111181127/tools/bin/../lib/gcc/arm-none-eabi/10.3.1/../../../../arm-none-eabi/lib/thumb/v7e-m+fp/hard/crt0.o (memset)
c:/st/stm32cubeide_1.10.1/stm32cubeide/plugins/com.st.stm32cube.ide.mcu.externaltools.gnu-tools-for-stm32.10.3-2021.10.win32_1.0.0.202111181127/tools/bin/../lib/gcc/arm-none-eabi/10.3.1/../../../../arm-none-eabi/lib/thumb/v7e-m+fp/hard\libc_nano.a(lib_a-printf.o)
                              ./Core/Src/main.o (printf)
c:/st/stm32cubeide_1.10.1/stm32cubeide/plugins/com.st.stm32cube.ide.mcu.externaltools.gnu-tools-for-stm32.10.3-2021.10.win32_1.0.0.202111181127/tools/bin/../lib/gcc/arm-none-eabi/10.3.1/../../../../arm-none-eabi/lib/thumb/v7e-m+fp/hard\libc_nano.a(lib_a-rand.o)
                              ./Core/Src/main.o (srand)
c:/st/stm32cubeide_1.10.1/stm32cubeide/plugins/com.st.stm32cube.ide.mcu.externaltools.gnu-tools-for-stm32.10.3-2021.10.win32_1.0.0.202111181127/tools/bin/../lib/gcc/arm-none-eabi/10.3.1/../../../../arm-none-eabi/lib/thumb/v7e-m+fp/hard\libc_nano.a(lib_a-time.o)
                              ./Core/Src/main.o (time)
c:/st/stm32cubeide_1.10.1/stm32cubeide/plugins/com.st.stm32cube.ide.mcu.externaltools.gnu-tools-for-stm32.10.3-2021.10.win32_1.0.0.202111181127/tools/bin/../lib/gcc/arm-none-eabi/10.3.1/../../../../arm-none-eabi/lib/thumb/v7e-m+fp/hard\libc_nano.a(lib_a-assert.o)
                              c:/st/stm32cubeide_1.10.1/stm32cubeide/plugins/com.st.stm32cube.ide.mcu.externaltools.gnu-tools-for-stm32.10.3-2021.10.win32_1.0.0.202111181127/tools/bin/../lib/gcc/arm-none-eabi/10.3.1/../../../../arm-none-eabi/lib/thumb/v7e-m+fp/hard\libc_nano.a(lib_a-rand.o) (__assert_func)
c:/st/stm32cubeide_1.10.1/stm32cubeide/plugins/com.st.stm32cube.ide.mcu.externaltools.gnu-tools-for-stm32.10.3-2021.10.win32_1.0.0.202111181127/tools/bin/../lib/gcc/arm-none-eabi/10.3.1/../../../../arm-none-eabi/lib/thumb/v7e-m+fp/hard\libc_nano.a(lib_a-findfp.o)
                              c:/st/stm32cubeide_1.10.1/stm32cubeide/plugins/com.st.stm32cube.ide.mcu.externaltools.gnu-tools-for-stm32.10.3-2021.10.win32_1.0.0.202111181127/tools/bin/../lib/gcc/arm-none-eabi/10.3.1/../../../../arm-none-eabi/lib/thumb/v7e-m+fp/hard\libc_nano.a(lib_a-printf.o) (__sinit)
c:/st/stm32cubeide_1.10.1/stm32cubeide/plugins/com.st.stm32cube.ide.mcu.externaltools.gnu-tools-for-stm32.10.3-2021.10.win32_1.0.0.202111181127/tools/bin/../lib/gcc/arm-none-eabi/10.3.1/../../../../arm-none-eabi/lib/thumb/v7e-m+fp/hard\libc_nano.a(lib_a-fprintf.o)
[...]
Memory Configuration

Name             Origin             Length             Attributes
RAM              0x0000000020000000 0x0000000000020000 xrw
FLASH            0x0000000008000000 0x0000000000080000 xr
*default*        0x0000000000000000 0xffffffffffffffff

Linker script and memory map

LOAD c:/st/stm32cubeide_1.10.1/stm32cubeide/plugins/com.st.stm32cube.ide.mcu.externaltools.gnu-tools-for-stm32.10.3-2021.10.win32_1.0.0.202111181127/tools/bin/../lib/gcc/arm-none-eabi/10.3.1/thumb/v7e-m+fp/hard/crti.o
LOAD c:/st/stm32cubeide_1.10.1/stm32cubeide/plugins/com.st.stm32cube.ide.mcu.externaltools.gnu-tools-for-stm32.10.3-2021.10.win32_1.0.0.202111181127/tools/bin/../lib/gcc/arm-none-eabi/10.3.1/thumb/v7e-m+fp/hard/crtbegin.o
LOAD c:/st/stm32cubeide_1.10.1/stm32cubeide/plugins/com.st.stm32cube.ide.mcu.externaltools.gnu-tools-for-stm32.10.3-2021.10.win32_1.0.0.202111181127/tools/bin/../lib/gcc/arm-none-eabi/10.3.1/../../../../arm-none-eabi/lib/thumb/v7e-m+fp/hard/crt0.o
LOAD ./Core/Src/main.o
LOAD ./Core/Src/stm32g4xx_hal_msp.o
LOAD ./Core/Src/stm32g4xx_it.o
LOAD ./Core/Src/syscalls.o
LOAD ./Core/Src/sysmem.o
LOAD ./Core/Src/system_stm32g4xx.o
LOAD ./Core/Startup/startup_stm32g474retx.o
LOAD ./Drivers/STM32G4xx_HAL_Driver/Src/stm32g4xx_hal.o
LOAD ./Drivers/STM32G4xx_HAL_Driver/Src/stm32g4xx_hal_cortex.o
LOAD ./Drivers/STM32G4xx_HAL_Driver/Src/stm32g4xx_hal_dma.o
LOAD ./Drivers/STM32G4xx_HAL_Driver/Src/stm32g4xx_hal_dma_ex.o
LOAD ./Drivers/STM32G4xx_HAL_Driver/Src/stm32g4xx_hal_exti.o
LOAD ./Drivers/STM32G4xx_HAL_Driver/Src/stm32g4xx_hal_flash.o
LOAD ./Drivers/STM32G4xx_HAL_Driver/Src/stm32g4xx_hal_flash_ex.o
LOAD ./Drivers/STM32G4xx_HAL_Driver/Src/stm32g4xx_hal_flash_ramfunc.o
LOAD ./Drivers/STM32G4xx_HAL_Driver/Src/stm32g4xx_hal_gpio.o
LOAD ./Drivers/STM32G4xx_HAL_Driver/Src/stm32g4xx_hal_pwr.o
LOAD ./Drivers/STM32G4xx_HAL_Driver/Src/stm32g4xx_hal_pwr_ex.o
LOAD ./Drivers/STM32G4xx_HAL_Driver/Src/stm32g4xx_hal_rcc.o
LOAD ./Drivers/STM32G4xx_HAL_Driver/Src/stm32g4xx_hal_rcc_ex.o
LOAD ./Drivers/STM32G4xx_HAL_Driver/Src/stm32g4xx_hal_tim.o
LOAD ./Drivers/STM32G4xx_HAL_Driver/Src/stm32g4xx_hal_tim_ex.o
LOAD ./Drivers/STM32G4xx_HAL_Driver/Src/stm32g4xx_hal_uart.o
LOAD ./Drivers/STM32G4xx_HAL_Driver/Src/stm32g4xx_hal_uart_ex.o
START GROUP
LOAD c:/st/stm32cubeide_1.10.1/stm32cubeide/plugins/com.st.stm32cube.ide.mcu.externaltools.gnu-tools-for-stm32.10.3-2021.10.win32_1.0.0.202111181127/tools/bin/../lib/gcc/arm-none-eabi/10.3.1/../../../../arm-none-eabi/lib/thumb/v7e-m+fp/hard\libc_nano.a
LOAD c:/st/stm32cubeide_1.10.1/stm32cubeide/plugins/com.st.stm32cube.ide.mcu.externaltools.gnu-tools-for-stm32.10.3-2021.10.win32_1.0.0.202111181127/tools/bin/../lib/gcc/arm-none-eabi/10.3.1/../../../../arm-none-eabi/lib/thumb/v7e-m+fp/hard\libm.a
END GROUP
START GROUP
LOAD c:/st/stm32cubeide_1.10.1/stm32cubeide/plugins/com.st.stm32cube.ide.mcu.externaltools.gnu-tools-for-stm32.10.3-2021.10.win32_1.0.0.202111181127/tools/bin/../lib/gcc/arm-none-eabi/10.3.1/thumb/v7e-m+fp/hard\libgcc.a
LOAD c:/st/stm32cubeide_1.10.1/stm32cubeide/plugins/com.st.stm32cube.ide.mcu.externaltools.gnu-tools-for-stm32.10.3-2021.10.win32_1.0.0.202111181127/tools/bin/../lib/gcc/arm-none-eabi/10.3.1/../../../../arm-none-eabi/lib/thumb/v7e-m+fp/hard\libc_nano.a
END GROUP
START GROUP
LOAD c:/st/stm32cubeide_1.10.1/stm32cubeide/plugins/com.st.stm32cube.ide.mcu.externaltools.gnu-tools-for-stm32.10.3-2021.10.win32_1.0.0.202111181127/tools/bin/../lib/gcc/arm-none-eabi/10.3.1/thumb/v7e-m+fp/hard\libgcc.a
LOAD c:/st/stm32cubeide_1.10.1/stm32cubeide/plugins/com.st.stm32cube.ide.mcu.externaltools.gnu-tools-for-stm32.10.3-2021.10.win32_1.0.0.202111181127/tools/bin/../lib/gcc/arm-none-eabi/10.3.1/../../../../arm-none-eabi/lib/thumb/v7e-m+fp/hard\libc_nano.a
LOAD c:/st/stm32cubeide_1.10.1/stm32cubeide/plugins/com.st.stm32cube.ide.mcu.externaltools.gnu-tools-for-stm32.10.3-2021.10.win32_1.0.0.202111181127/tools/bin/../lib/gcc/arm-none-eabi/10.3.1/../../../../arm-none-eabi/lib/thumb/v7e-m+fp/hard\libnosys.a
END GROUP
START GROUP
LOAD c:/st/stm32cubeide_1.10.1/stm32cubeide/plugins/com.st.stm32cube.ide.mcu.externaltools.gnu-tools-for-stm32.10.3-2021.10.win32_1.0.0.202111181127/tools/bin/../lib/gcc/arm-none-eabi/10.3.1/thumb/v7e-m+fp/hard\libgcc.a
LOAD c:/st/stm32cubeide_1.10.1/stm32cubeide/plugins/com.st.stm32cube.ide.mcu.externaltools.gnu-tools-for-stm32.10.3-2021.10.win32_1.0.0.202111181127/tools/bin/../lib/gcc/arm-none-eabi/10.3.1/../../../../arm-none-eabi/lib/thumb/v7e-m+fp/hard\libc_nano.a
LOAD c:/st/stm32cubeide_1.10.1/stm32cubeide/plugins/com.st.stm32cube.ide.mcu.externaltools.gnu-tools-for-stm32.10.3-2021.10.win32_1.0.0.202111181127/tools/bin/../lib/gcc/arm-none-eabi/10.3.1/../../../../arm-none-eabi/lib/thumb/v7e-m+fp/hard\libnosys.a
END GROUP
LOAD c:/st/stm32cubeide_1.10.1/stm32cubeide/plugins/com.st.stm32cube.ide.mcu.externaltools.gnu-tools-for-stm32.10.3-2021.10.win32_1.0.0.202111181127/tools/bin/../lib/gcc/arm-none-eabi/10.3.1/thumb/v7e-m+fp/hard/crtend.o
LOAD c:/st/stm32cubeide_1.10.1/stm32cubeide/plugins/com.st.stm32cube.ide.mcu.externaltools.gnu-tools-for-stm32.10.3-2021.10.win32_1.0.0.202111181127/tools/bin/../lib/gcc/arm-none-eabi/10.3.1/thumb/v7e-m+fp/hard/crtn.o
                0x0000000020020000                _estack = (ORIGIN (RAM) + LENGTH (RAM))
                0x0000000000000200                _Min_Heap_Size = 0x200
                0x0000000000000400                _Min_Stack_Size = 0x400

.isr_vector     0x0000000008000000      0x1d8
                0x0000000008000000                . = ALIGN (0x4)
 *(.isr_vector)
 .isr_vector    0x0000000008000000      0x1d8 ./Core/Startup/startup_stm32g474retx.o
                0x0000000008000000                g_pfnVectors
                0x00000000080001d8                . = ALIGN (0x4)

.text           0x00000000080001e0     0x4938
                0x00000000080001e0                . = ALIGN (0x4)
 *(.text)
 .text          0x00000000080001e0       0x40 c:/st/stm32cubeide_1.10.1/stm32cubeide/plugins/com.st.stm32cube.ide.mcu.externaltools.gnu-tools-for-stm32.10.3-2021.10.win32_1.0.0.202111181127/tools/bin/../lib/gcc/arm-none-eabi/10.3.1/thumb/v7e-m+fp/hard/crtbegin.o
 .text          0x0000000008000220       0xa0 c:/st/stm32cubeide_1.10.1/stm32cubeide/plugins/com.st.stm32cube.ide.mcu.externaltools.gnu-tools-for-stm32.10.3-2021.10.win32_1.0.0.202111181127/tools/bin/../lib/gcc/arm-none-eabi/10.3.1/../../../../arm-none-eabi/lib/thumb/v7e-m+fp/hard\libc_nano.a(lib_a-memchr.o)
                0x0000000008000220                memchr
 .text          0x00000000080002c0       0x30 c:/st/stm32cubeide_1.10.1/stm32cubeide/plugins/com.st.stm32cube.ide.mcu.externaltools.gnu-tools-for-stm32.10.3-2021.10.win32_1.0.0.202111181127/tools/bin/../lib/gcc/arm-none-eabi/10.3.1/thumb/v7e-m+fp/hard\libgcc.a(_aeabi_uldivmod.o)
                0x00000000080002c0                __aeabi_uldivmod
 .text          0x00000000080002f0      0x2d0 c:/st/stm32cubeide_1.10.1/stm32cubeide/plugins/com.st.stm32cube.ide.mcu.externaltools.gnu-tools-for-stm32.10.3-2021.10.win32_1.0.0.202111181127/tools/bin/../lib/gcc/arm-none-eabi/10.3.1/thumb/v7e-m+fp/hard\libgcc.a(_udivmoddi4.o)
                0x00000000080002f0                __udivmoddi4
 .text          0x00000000080005c0        0x4 c:/st/stm32cubeide_1.10.1/stm32cubeide/plugins/com.st.stm32cube.ide.mcu.externaltools.gnu-tools-for-stm32.10.3-2021.10.win32_1.0.0.202111181127/tools/bin/../lib/gcc/arm-none-eabi/10.3.1/thumb/v7e-m+fp/hard\libgcc.a(_dvmd_tls.o)
                0x00000000080005c0                __aeabi_idiv0
                0x00000000080005c0                __aeabi_ldiv0
 *(.text*)
 .text.CalcCRC  0x00000000080005c4       0x94 ./Core/Src/main.o
                0x00000000080005c4                CalcCRC
 .text.initRandomArray
                0x0000000008000658       0x78 ./Core/Src/main.o
                0x0000000008000658                initRandomArray
 .text.main     0x00000000080006d0      0x114 ./Core/Src/main.o
                0x00000000080006d0                main
 .text.SystemClock_Config
                0x00000000080007e4       0xac ./Core/Src/main.o
                0x00000000080007e4                SystemClock_Config
 .text.MX_LPUART1_UART_Init
                0x0000000008000890       0x94 ./Core/Src/main.o
 .text.MX_GPIO_Init
                0x0000000008000924       0x30 ./Core/Src/main.o
 .text.Error_Handler
                0x0000000008000954        0xa ./Core/Src/main.o
                0x0000000008000954                Error_Handler
 *fill*         0x000000000800095e        0x2 
 .text.HAL_MspInit
                0x0000000008000960       0x48 ./Core/Src/stm32g4xx_hal_msp.o
                0x0000000008000960                HAL_MspInit
 .text.HAL_UART_MspInit
                0x00000000080009a8       0x94 ./Core/Src/stm32g4xx_hal_msp.o
                0x00000000080009a8                HAL_UART_MspInit
 .text.NMI_Handler
                0x0000000008000a3c        0x6 ./Core/Src/stm32g4xx_it.o
                0x0000000008000a3c                NMI_Handler
 .text.HardFault_Handler
                0x0000000008000a42        0x6 ./Core/Src/stm32g4xx_it.o
                0x0000000008000a42                HardFault_Handler
 .text.MemManage_Handler
                0x0000000008000a48        0x6 ./Core/Src/stm32g4xx_it.o
                0x0000000008000a48                MemManage_Handler
 .text.BusFault_Handler
                0x0000000008000a4e        0x6 ./Core/Src/stm32g4xx_it.o
                0x0000000008000a4e                BusFault_Handler
 .text.UsageFault_Handler
                0x0000000008000a54        0x6 ./Core/Src/stm32g4xx_it.o
                0x0000000008000a54                UsageFault_Handler
 .text.SVC_Handler
                0x0000000008000a5a        0xe ./Core/Src/stm32g4xx_it.o
                0x0000000008000a5a                SVC_Handler
 .text.DebugMon_Handler
                0x0000000008000a68        0xe ./Core/Src/stm32g4xx_it.o
                0x0000000008000a68                DebugMon_Handler
 .text.PendSV_Handler
                0x0000000008000a76        0xe ./Core/Src/stm32g4xx_it.o
                0x0000000008000a76                PendSV_Handler
 .text.SysTick_Handler
                0x0000000008000a84        0xc ./Core/Src/stm32g4xx_it.o
                0x0000000008000a84                SysTick_Handler
 .text.LPUART1_IRQHandler
                0x0000000008000a90       0x14 ./Core/Src/stm32g4xx_it.o
                0x0000000008000a90                LPUART1_IRQHandler
 .text._getpid  0x0000000008000aa4       0x10 ./Core/Src/syscalls.o
                0x0000000008000aa4                _getpid
 .text._kill    0x0000000008000ab4       0x20 ./Core/Src/syscalls.o
                0x0000000008000ab4                _kill
 .text._exit    0x0000000008000ad4       0x14 ./Core/Src/syscalls.o
                0x0000000008000ad4                _exit
 .text._read    0x0000000008000ae8       0x3a ./Core/Src/syscalls.o
                0x0000000008000ae8                _read
 .text._write   0x0000000008000b22       0x38 ./Core/Src/syscalls.o
                0x0000000008000b22                _write
 .text._close   0x0000000008000b5a       0x18 ./Core/Src/syscalls.o
                0x0000000008000b5a                _close
 .text._fstat   0x0000000008000b72       0x20 ./Core/Src/syscalls.o
                0x0000000008000b72                _fstat
 .text._isatty  0x0000000008000b92       0x16 ./Core/Src/syscalls.o
                0x0000000008000b92                _isatty
 .text._lseek   0x0000000008000ba8       0x1a ./Core/Src/syscalls.o
                0x0000000008000ba8                _lseek
 *fill*         0x0000000008000bc2        0x2 
 .text._sbrk    0x0000000008000bc4       0x6c ./Core/Src/sysmem.o
                0x0000000008000bc4                _sbrk
 .text.SystemInit
                0x0000000008000c30       0x24 ./Core/Src/system_stm32g4xx.o
                0x0000000008000c30                SystemInit
 .text.Reset_Handler
                0x0000000008000c54       0x50 ./Core/Startup/startup_stm32g474retx.o
                0x0000000008000c54                Reset_Handler
 .text.Default_Handler
                0x0000000008000ca4        0x2 ./Core/Startup/startup_stm32g474retx.o
                0x0000000008000ca4                RTC_Alarm_IRQHandler
                0x0000000008000ca4                EXTI2_IRQHandler
                0x0000000008000ca4                TIM8_TRG_COM_IRQHandler
                0x0000000008000ca4                TIM8_CC_IRQHandler
                0x0000000008000ca4                HRTIM1_Master_IRQHandler
                0x0000000008000ca4                SPI4_IRQHandler
                0x0000000008000ca4                FDCAN3_IT0_IRQHandler
                0x0000000008000ca4                TIM1_CC_IRQHandler
                0x0000000008000ca4                HRTIM1_FLT_IRQHandler
                0x0000000008000ca4                HRTIM1_TIMF_IRQHandler
                0x0000000008000ca4                USB_HP_IRQHandler
                0x0000000008000ca4                CORDIC_IRQHandler
                0x0000000008000ca4                HRTIM1_TIMD_IRQHandler
                0x0000000008000ca4                DMA2_Channel8_IRQHandler
                0x0000000008000ca4                EXTI3_IRQHandler
                0x0000000008000ca4                I2C3_ER_IRQHandler
                0x0000000008000ca4                EXTI0_IRQHandler
                0x0000000008000ca4                I2C2_EV_IRQHandler
                0x0000000008000ca4                FPU_IRQHandler
                0x0000000008000ca4                FDCAN1_IT1_IRQHandler
                0x0000000008000ca4                TIM1_UP_TIM16_IRQHandler
                0x0000000008000ca4                ADC1_2_IRQHandler
                0x0000000008000ca4                HRTIM1_TIME_IRQHandler
                0x0000000008000ca4                SPI1_IRQHandler
                0x0000000008000ca4                TIM6_DAC_IRQHandler
                0x0000000008000ca4                HRTIM1_TIMC_IRQHandler
                0x0000000008000ca4                TIM8_UP_IRQHandler
                0x0000000008000ca4                DMA2_Channel2_IRQHandler
                0x0000000008000ca4                DMA1_Channel4_IRQHandler
                0x0000000008000ca4                TIM20_TRG_COM_IRQHandler
                0x0000000008000ca4                USART3_IRQHandler
                0x0000000008000ca4                DMA1_Channel7_IRQHandler
                0x0000000008000ca4                UART5_IRQHandler
                0x0000000008000ca4                ADC3_IRQHandler
                0x0000000008000ca4                TIM4_IRQHandler
                0x0000000008000ca4                DMA2_Channel1_IRQHandler
                0x0000000008000ca4                QUADSPI_IRQHandler
                0x0000000008000ca4                I2C1_EV_IRQHandler
                0x0000000008000ca4                DMA1_Channel6_IRQHandler
                0x0000000008000ca4                UART4_IRQHandler
                0x0000000008000ca4                DMA2_Channel4_IRQHandler
                0x0000000008000ca4                TIM3_IRQHandler
                0x0000000008000ca4                RCC_IRQHandler
                0x0000000008000ca4                TIM20_UP_IRQHandler
                0x0000000008000ca4                DMA1_Channel1_IRQHandler
                0x0000000008000ca4                Default_Handler
                0x0000000008000ca4                DMA2_Channel7_IRQHandler
                0x0000000008000ca4                RTC_TAMP_LSECSS_IRQHandler
                0x0000000008000ca4                FMAC_IRQHandler
                0x0000000008000ca4                EXTI15_10_IRQHandler
                0x0000000008000ca4                DMA1_Channel8_IRQHandler
                0x0000000008000ca4                HRTIM1_TIMA_IRQHandler
                0x0000000008000ca4                TIM7_DAC_IRQHandler
                0x0000000008000ca4                FDCAN3_IT1_IRQHandler
                0x0000000008000ca4                TIM5_IRQHandler
                0x0000000008000ca4                UCPD1_IRQHandler
                0x0000000008000ca4                I2C3_EV_IRQHandler
                0x0000000008000ca4                EXTI9_5_IRQHandler
                0x0000000008000ca4                RTC_WKUP_IRQHandler
                0x0000000008000ca4                PVD_PVM_IRQHandler
                0x0000000008000ca4                SPI2_IRQHandler
                0x0000000008000ca4                ADC5_IRQHandler
                0x0000000008000ca4                DMA2_Channel5_IRQHandler
                0x0000000008000ca4                CRS_IRQHandler
                0x0000000008000ca4                DMA1_Channel5_IRQHandler
                0x0000000008000ca4                USB_LP_IRQHandler
                0x0000000008000ca4                EXTI4_IRQHandler
                0x0000000008000ca4                RNG_IRQHandler
                0x0000000008000ca4                HRTIM1_TIMB_IRQHandler
                0x0000000008000ca4                TIM1_TRG_COM_TIM17_IRQHandler
                0x0000000008000ca4                FDCAN2_IT1_IRQHandler
                0x0000000008000ca4                DMA1_Channel3_IRQHandler
                0x0000000008000ca4                ADC4_IRQHandler
                0x0000000008000ca4                WWDG_IRQHandler
                0x0000000008000ca4                I2C4_EV_IRQHandler
                0x0000000008000ca4                FDCAN2_IT0_IRQHandler
                0x0000000008000ca4                DMA2_Channel6_IRQHandler
                0x0000000008000ca4                FDCAN1_IT0_IRQHandler
                0x0000000008000ca4                TIM2_IRQHandler
                0x0000000008000ca4                COMP7_IRQHandler
                0x0000000008000ca4                COMP1_2_3_IRQHandler
                0x0000000008000ca4                EXTI1_IRQHandler
                0x0000000008000ca4                USART2_IRQHandler
                0x0000000008000ca4                COMP4_5_6_IRQHandler
                0x0000000008000ca4                TIM20_BRK_IRQHandler
                0x0000000008000ca4                I2C2_ER_IRQHandler
                0x0000000008000ca4                DMA1_Channel2_IRQHandler
                0x0000000008000ca4                TIM8_BRK_IRQHandler
                0x0000000008000ca4                FLASH_IRQHandler
                0x0000000008000ca4                TIM20_CC_IRQHandler
                0x0000000008000ca4                USART1_IRQHandler
                0x0000000008000ca4                SPI3_IRQHandler
                0x0000000008000ca4                I2C1_ER_IRQHandler
                0x0000000008000ca4                FMC_IRQHandler
                0x0000000008000ca4                LPTIM1_IRQHandler
                0x0000000008000ca4                DMAMUX_OVR_IRQHandler
                0x0000000008000ca4                I2C4_ER_IRQHandler
                0x0000000008000ca4                USBWakeUp_IRQHandler
                0x0000000008000ca4                SAI1_IRQHandler
                0x0000000008000ca4                DMA2_Channel3_IRQHandler
                0x0000000008000ca4                TIM1_BRK_TIM15_IRQHandler
 .text.HAL_Init
                0x0000000008000ca6       0x30 ./Drivers/STM32G4xx_HAL_Driver/Src/stm32g4xx_hal.o
                0x0000000008000ca6                HAL_Init
 *fill*         0x0000000008000cd6        0x2 
 .text.HAL_InitTick
                0x0000000008000cd8       0x74 ./Drivers/STM32G4xx_HAL_Driver/Src/stm32g4xx_hal.o
                0x0000000008000cd8                HAL_InitTick
 .text.HAL_IncTick
                0x0000000008000d4c       0x24 ./Drivers/STM32G4xx_HAL_Driver/Src/stm32g4xx_hal.o
                0x0000000008000d4c                HAL_IncTick
 .text.HAL_GetTick
                0x0000000008000d70       0x18 ./Drivers/STM32G4xx_HAL_Driver/Src/stm32g4xx_hal.o
                0x0000000008000d70                HAL_GetTick
 .text.HAL_Delay
                0x0000000008000d88       0x44 ./Drivers/STM32G4xx_HAL_Driver/Src/stm32g4xx_hal.o
                0x0000000008000d88                HAL_Delay
 .text.__NVIC_SetPriorityGrouping
                0x0000000008000dcc       0x48 ./Drivers/STM32G4xx_HAL_Driver/Src/stm32g4xx_hal_cortex.o
 .text.__NVIC_GetPriorityGrouping
                0x0000000008000e14       0x1c ./Drivers/STM32G4xx_HAL_Driver/Src/stm32g4xx_hal_cortex.o
 .text.__NVIC_EnableIRQ
                0x0000000008000e30       0x3c ./Drivers/STM32G4xx_HAL_Driver/Src/stm32g4xx_hal_cortex.o
 .text.__NVIC_SetPriority
                0x0000000008000e6c       0x54 ./Drivers/STM32G4xx_HAL_Driver/Src/stm32g4xx_hal_cortex.o
 .text.NVIC_EncodePriority
                0x0000000008000ec0       0x66 ./Drivers/STM32G4xx_HAL_Driver/Src/stm32g4xx_hal_cortex.o
 *fill*         0x0000000008000f26        0x2 
 .text.SysTick_Config
                0x0000000008000f28       0x44 ./Drivers/STM32G4xx_HAL_Driver/Src/stm32g4xx_hal_cortex.o
 .text.HAL_NVIC_SetPriorityGrouping
                0x0000000008000f6c       0x16 ./Drivers/STM32G4xx_HAL_Driver/Src/stm32g4xx_hal_cortex.o
                0x0000000008000f6c                HAL_NVIC_SetPriorityGrouping
 .text.HAL_NVIC_SetPriority
                0x0000000008000f82       0x34 ./Drivers/STM32G4xx_HAL_Driver/Src/stm32g4xx_hal_cortex.o
                0x0000000008000f82                HAL_NVIC_SetPriority
 .text.HAL_NVIC_EnableIRQ
                0x0000000008000fb6       0x1c ./Drivers/STM32G4xx_HAL_Driver/Src/stm32g4xx_hal_cortex.o
                0x0000000008000fb6                HAL_NVIC_EnableIRQ
 .text.HAL_SYSTICK_Config
                0x0000000008000fd2       0x18 ./Drivers/STM32G4xx_HAL_Driver/Src/stm32g4xx_hal_cortex.o
                0x0000000008000fd2                HAL_SYSTICK_Config
 .text.HAL_DMA_Abort
                0x0000000008000fea       0xb2 ./Drivers/STM32G4xx_HAL_Driver/Src/stm32g4xx_hal_dma.o
                0x0000000008000fea                HAL_DMA_Abort
 .text.HAL_DMA_Abort_IT
                0x000000000800109c       0xce ./Drivers/STM32G4xx_HAL_Driver/Src/stm32g4xx_hal_dma.o
                0x000000000800109c                HAL_DMA_Abort_IT
 *fill*         0x000000000800116a        0x2 
 .text.HAL_GPIO_Init
                0x000000000800116c      0x304 ./Drivers/STM32G4xx_HAL_Driver/Src/stm32g4xx_hal_gpio.o
                0x000000000800116c                HAL_GPIO_Init
 .text.HAL_PWREx_ControlVoltageScaling
                0x0000000008001470      0x148 ./Drivers/STM32G4xx_HAL_Driver/Src/stm32g4xx_hal_pwr_ex.o
                0x0000000008001470                HAL_PWREx_ControlVoltageScaling
 .text.HAL_PWREx_DisableUCPDDeadBattery
                0x00000000080015b8       0x20 ./Drivers/STM32G4xx_HAL_Driver/Src/stm32g4xx_hal_pwr_ex.o
                0x00000000080015b8                HAL_PWREx_DisableUCPDDeadBattery
 .text.HAL_RCC_OscConfig
                0x00000000080015d8      0x630 ./Drivers/STM32G4xx_HAL_Driver/Src/stm32g4xx_hal_rcc.o
                0x00000000080015d8                HAL_RCC_OscConfig
 .text.HAL_RCC_ClockConfig
                0x0000000008001c08      0x278 ./Drivers/STM32G4xx_HAL_Driver/Src/stm32g4xx_hal_rcc.o
                0x0000000008001c08                HAL_RCC_ClockConfig
 .text.HAL_RCC_GetSysClockFreq
                0x0000000008001e80       0xc4 ./Drivers/STM32G4xx_HAL_Driver/Src/stm32g4xx_hal_rcc.o
                0x0000000008001e80                HAL_RCC_GetSysClockFreq
 .text.HAL_RCC_GetHCLKFreq
                0x0000000008001f44       0x18 ./Drivers/STM32G4xx_HAL_Driver/Src/stm32g4xx_hal_rcc.o
                0x0000000008001f44                HAL_RCC_GetHCLKFreq
 .text.HAL_RCC_GetPCLK1Freq
                0x0000000008001f5c       0x2c ./Drivers/STM32G4xx_HAL_Driver/Src/stm32g4xx_hal_rcc.o
                0x0000000008001f5c                HAL_RCC_GetPCLK1Freq
 .text.HAL_RCC_GetPCLK2Freq
                0x0000000008001f88       0x2c ./Drivers/STM32G4xx_HAL_Driver/Src/stm32g4xx_hal_rcc.o
                0x0000000008001f88                HAL_RCC_GetPCLK2Freq
 .text.RCC_GetSysClockFreqFromPLLSource
                0x0000000008001fb4       0x8c ./Drivers/STM32G4xx_HAL_Driver/Src/stm32g4xx_hal_rcc.o
 .text.HAL_RCCEx_PeriphCLKConfig
                0x0000000008002040      0x49c ./Drivers/STM32G4xx_HAL_Driver/Src/stm32g4xx_hal_rcc_ex.o
                0x0000000008002040                HAL_RCCEx_PeriphCLKConfig
 .text.HAL_UART_Init
                0x00000000080024dc       0xa0 ./Drivers/STM32G4xx_HAL_Driver/Src/stm32g4xx_hal_uart.o
                0x00000000080024dc                HAL_UART_Init
 .text.HAL_UART_Transmit_IT
                0x000000000800257c      0x108 ./Drivers/STM32G4xx_HAL_Driver/Src/stm32g4xx_hal_uart.o
                0x000000000800257c                HAL_UART_Transmit_IT
 .text.HAL_UART_IRQHandler
                0x0000000008002684      0x468 ./Drivers/STM32G4xx_HAL_Driver/Src/stm32g4xx_hal_uart.o
                0x0000000008002684                HAL_UART_IRQHandler
 .text.HAL_UART_TxCpltCallback
                0x0000000008002aec       0x14 ./Drivers/STM32G4xx_HAL_Driver/Src/stm32g4xx_hal_uart.o
                0x0000000008002aec                HAL_UART_TxCpltCallback
 .text.HAL_UART_ErrorCallback
                0x0000000008002b00       0x14 ./Drivers/STM32G4xx_HAL_Driver/Src/stm32g4xx_hal_uart.o
                0x0000000008002b00                HAL_UART_ErrorCallback
 .text.HAL_UARTEx_RxEventCallback
                0x0000000008002b14       0x18 ./Drivers/STM32G4xx_HAL_Driver/Src/stm32g4xx_hal_uart.o
                0x0000000008002b14                HAL_UARTEx_RxEventCallback
 .text.UART_SetConfig
                0x0000000008002b2c      0x5f8 ./Drivers/STM32G4xx_HAL_Driver/Src/stm32g4xx_hal_uart.o
                0x0000000008002b2c                UART_SetConfig
 .text.UART_AdvFeatureConfig
                0x0000000008003124      0x144 ./Drivers/STM32G4xx_HAL_Driver/Src/stm32g4xx_hal_uart.o
                0x0000000008003124                UART_AdvFeatureConfig
 .text.UART_CheckIdleState
                0x0000000008003268       0x96 ./Drivers/STM32G4xx_HAL_Driver/Src/stm32g4xx_hal_uart.o
                0x0000000008003268                UART_CheckIdleState
 .text.UART_WaitOnFlagUntilTimeout
                0x00000000080032fe      0x100 ./Drivers/STM32G4xx_HAL_Driver/Src/stm32g4xx_hal_uart.o
                0x00000000080032fe                UART_WaitOnFlagUntilTimeout
 .text.UART_EndRxTransfer
                0x00000000080033fe       0x64 ./Drivers/STM32G4xx_HAL_Driver/Src/stm32g4xx_hal_uart.o
 .text.UART_DMAAbortOnError
                0x0000000008003462       0x2c ./Drivers/STM32G4xx_HAL_Driver/Src/stm32g4xx_hal_uart.o
 .text.UART_TxISR_8BIT
                0x000000000800348e       0x74 ./Drivers/STM32G4xx_HAL_Driver/Src/stm32g4xx_hal_uart.o
 .text.UART_TxISR_16BIT
                0x0000000008003502       0x7e ./Drivers/STM32G4xx_HAL_Driver/Src/stm32g4xx_hal_uart.o
 .text.UART_TxISR_8BIT_FIFOEN
                0x0000000008003580       0x9a ./Drivers/STM32G4xx_HAL_Driver/Src/stm32g4xx_hal_uart.o
 .text.UART_TxISR_16BIT_FIFOEN
                0x000000000800361a       0xa4 ./Drivers/STM32G4xx_HAL_Driver/Src/stm32g4xx_hal_uart.o
 .text.UART_EndTransmit_IT
                0x00000000080036be       0x34 ./Drivers/STM32G4xx_HAL_Driver/Src/stm32g4xx_hal_uart.o
 .text.HAL_UARTEx_WakeupCallback
                0x00000000080036f2       0x14 ./Drivers/STM32G4xx_HAL_Driver/Src/stm32g4xx_hal_uart_ex.o
                0x00000000080036f2                HAL_UARTEx_WakeupCallback
 .text.HAL_UARTEx_RxFifoFullCallback
                0x0000000008003706       0x14 ./Drivers/STM32G4xx_HAL_Driver/Src/stm32g4xx_hal_uart_ex.o
                0x0000000008003706                HAL_UARTEx_RxFifoFullCallback
 .text.HAL_UARTEx_TxFifoEmptyCallback
                0x000000000800371a       0x14 ./Drivers/STM32G4xx_HAL_Driver/Src/stm32g4xx_hal_uart_ex.o
                0x000000000800371a                HAL_UARTEx_TxFifoEmptyCallback
 .text.HAL_UARTEx_DisableFifoMode
                0x000000000800372e       0x72 ./Drivers/STM32G4xx_HAL_Driver/Src/stm32g4xx_hal_uart_ex.o
                0x000000000800372e                HAL_UARTEx_DisableFifoMode
 .text.HAL_UARTEx_SetTxFifoThreshold
                0x00000000080037a0       0x7c ./Drivers/STM32G4xx_HAL_Driver/Src/stm32g4xx_hal_uart_ex.o
                0x00000000080037a0                HAL_UARTEx_SetTxFifoThreshold
 .text.HAL_UARTEx_SetRxFifoThreshold
                0x000000000800381c       0x7c ./Drivers/STM32G4xx_HAL_Driver/Src/stm32g4xx_hal_uart_ex.o
                0x000000000800381c                HAL_UARTEx_SetRxFifoThreshold
 .text.UARTEx_SetNbDataToProcess
                0x0000000008003898       0x9c ./Drivers/STM32G4xx_HAL_Driver/Src/stm32g4xx_hal_uart_ex.o
 .text.__errno  0x0000000008003934        0xc c:/st/stm32cubeide_1.10.1/stm32cubeide/plugins/com.st.stm32cube.ide.mcu.externaltools.gnu-tools-for-stm32.10.3-2021.10.win32_1.0.0.202111181127/tools/bin/../lib/gcc/arm-none-eabi/10.3.1/../../../../arm-none-eabi/lib/thumb/v7e-m+fp/hard\libc_nano.a(lib_a-errno.o)
                0x0000000008003934                __errno
 .text.__libc_init_array
                0x0000000008003940       0x48 c:/st/stm32cubeide_1.10.1/stm32cubeide/plugins/com.st.stm32cube.ide.mcu.externaltools.gnu-tools-for-stm32.10.3-2021.10.win32_1.0.0.202111181127/tools/bin/../lib/gcc/arm-none-eabi/10.3.1/../../../../arm-none-eabi/lib/thumb/v7e-m+fp/hard\libc_nano.a(lib_a-init.o)
                0x0000000008003940                __libc_init_array
 .text.memset   0x0000000008003988       0x10 c:/st/stm32cubeide_1.10.1/stm32cubeide/plugins/com.st.stm32cube.ide.mcu.externaltools.gnu-tools-for-stm32.10.3-2021.10.win32_1.0.0.202111181127/tools/bin/../lib/gcc/arm-none-eabi/10.3.1/../../../../arm-none-eabi/lib/thumb/v7e-m+fp/hard\libc_nano.a(lib_a-memset.o)
                0x0000000008003988                memset
 .text.printf   0x0000000008003998       0x30 c:/st/stm32cubeide_1.10.1/stm32cubeide/plugins/com.st.stm32cube.ide.mcu.externaltools.gnu-tools-for-stm32.10.3-2021.10.win32_1.0.0.202111181127/tools/bin/../lib/gcc/arm-none-eabi/10.3.1/../../../../arm-none-eabi/lib/thumb/v7e-m+fp/hard\libc_nano.a(lib_a-printf.o)
                0x0000000008003998                iprintf
                0x0000000008003998                printf
 .text.srand    0x00000000080039c8       0x5c c:/st/stm32cubeide_1.10.1/stm32cubeide/plugins/com.st.stm32cube.ide.mcu.externaltools.gnu-tools-for-stm32.10.3-2021.10.win32_1.0.0.202111181127/tools/bin/../lib/gcc/arm-none-eabi/10.3.1/../../../../arm-none-eabi/lib/thumb/v7e-m+fp/hard\libc_nano.a(lib_a-rand.o)
                0x00000000080039c8                srand
 .text.rand     0x0000000008003a24       0x7c c:/st/stm32cubeide_1.10.1/stm32cubeide/plugins/com.st.stm32cube.ide.mcu.externaltools.gnu-tools-for-stm32.10.3-2021.10.win32_1.0.0.202111181127/tools/bin/../lib/gcc/arm-none-eabi/10.3.1/../../../../arm-none-eabi/lib/thumb/v7e-m+fp/hard\libc_nano.a(lib_a-rand.o)
                0x0000000008003a24                rand
 .text.time     0x0000000008003aa0       0x34 c:/st/stm32cubeide_1.10.1/stm32cubeide/plugins/com.st.stm32cube.ide.mcu.externaltools.gnu-tools-for-stm32.10.3-2021.10.win32_1.0.0.202111181127/tools/bin/../lib/gcc/arm-none-eabi/10.3.1/../../../../arm-none-eabi/lib/thumb/v7e-m+fp/hard\libc_nano.a(lib_a-time.o)
                0x0000000008003aa0                time
 .text.__assert_func
                0x0000000008003ad4       0x3c c:/st/stm32cubeide_1.10.1/stm32cubeide/plugins/com.st.stm32cube.ide.mcu.externaltools.gnu-tools-for-stm32.10.3-2021.10.win32_1.0.0.202111181127/tools/bin/../lib/gcc/arm-none-eabi/10.3.1/../../../../arm-none-eabi/lib/thumb/v7e-m+fp/hard\libc_nano.a(lib_a-assert.o)
                0x0000000008003ad4                __assert_func
 .text.std      0x0000000008003b10       0x48 c:/st/stm32cubeide_1.10.1/stm32cubeide/plugins/com.st.stm32cube.ide.mcu.externaltools.gnu-tools-for-stm32.10.3-2021.10.win32_1.0.0.202111181127/tools/bin/../lib/gcc/arm-none-eabi/10.3.1/../../../../arm-none-eabi/lib/thumb/v7e-m+fp/hard\libc_nano.a(lib_a-findfp.o)
 .text._cleanup_r
                0x0000000008003b58        0xc c:/st/stm32cubeide_1.10.1/stm32cubeide/plugins/com.st.stm32cube.ide.mcu.externaltools.gnu-tools-for-stm32.10.3-2021.10.win32_1.0.0.202111181127/tools/bin/../lib/gcc/arm-none-eabi/10.3.1/../../../../arm-none-eabi/lib/thumb/v7e-m+fp/hard\libc_nano.a(lib_a-findfp.o)
                0x0000000008003b58                _cleanup_r
 .text.__sfmoreglue
                0x0000000008003b64       0x2c c:/st/stm32cubeide_1.10.1/stm32cubeide/plugins/com.st.stm32cube.ide.mcu.externaltools.gnu-tools-for-stm32.10.3-2021.10.win32_1.0.0.202111181127/tools/bin/../lib/gcc/arm-none-eabi/10.3.1/../../../../arm-none-eabi/lib/thumb/v7e-m+fp/hard\libc_nano.a(lib_a-findfp.o)
                0x0000000008003b64                __sfmoreglue
 .text.__sfp_lock_acquire
                0x0000000008003b90        0xc c:/st/stm32cubeide_1.10.1/stm32cubeide/plugins/com.st.stm32cube.ide.mcu.externaltools.gnu-tools-for-stm32.10.3-2021.10.win32_1.0.0.202111181127/tools/bin/../lib/gcc/arm-none-eabi/10.3.1/../../../../arm-none-eabi/lib/thumb/v7e-m+fp/hard\libc_nano.a(lib_a-findfp.o)
                0x0000000008003b90                __sfp_lock_acquire
 .text.__sfp_lock_release
                0x0000000008003b9c        0xc c:/st/stm32cubeide_1.10.1/stm32cubeide/plugins/com.st.stm32cube.ide.mcu.externaltools.gnu-tools-for-stm32.10.3-2021.10.win32_1.0.0.202111181127/tools/bin/../lib/gcc/arm-none-eabi/10.3.1/../../../../arm-none-eabi/lib/thumb/v7e-m+fp/hard\libc_nano.a(lib_a-findfp.o)
                0x0000000008003b9c                __sfp_lock_release
 .text.__sinit_lock_acquire
                0x0000000008003ba8        0xc c:/st/stm32cubeide_1.10.1/stm32cubeide/plugins/com.st.stm32cube.ide.mcu.externaltools.gnu-tools-for-stm32.10.3-2021.10.win32_1.0.0.202111181127/tools/bin/../lib/gcc/arm-none-eabi/10.3.1/../../../../arm-none-eabi/lib/thumb/v7e-m+fp/hard\libc_nano.a(lib_a-findfp.o)
                0x0000000008003ba8                __sinit_lock_acquire
 .text.__sinit_lock_release
                0x0000000008003bb4        0xc c:/st/stm32cubeide_1.10.1/stm32cubeide/plugins/com.st.stm32cube.ide.mcu.externaltools.gnu-tools-for-stm32.10.3-2021.10.win32_1.0.0.202111181127/tools/bin/../lib/gcc/arm-none-eabi/10.3.1/../../../../arm-none-eabi/lib/thumb/v7e-m+fp/hard\libc_nano.a(lib_a-findfp.o)
                0x0000000008003bb4                __sinit_lock_release
 .text.__sinit  0x0000000008003bc0       0x70 c:/st/stm32cubeide_1.10.1/stm32cubeide/plugins/com.st.stm32cube.ide.mcu.externaltools.gnu-tools-for-stm32.10.3-2021.10.win32_1.0.0.202111181127/tools/bin/../lib/gcc/arm-none-eabi/10.3.1/../../../../arm-none-eabi/lib/thumb/v7e-m+fp/hard\libc_nano.a(lib_a-findfp.o)
                0x0000000008003bc0                __sinit
 .text.__sfp    0x0000000008003c30       0x8c c:/st/stm32cubeide_1.10.1/stm32cubeide/plugins/com.st.stm32cube.ide.mcu.externaltools.gnu-tools-for-stm32.10.3-2021.10.win32_1.0.0.202111181127/tools/bin/../lib/gcc/arm-none-eabi/10.3.1/../../../../arm-none-eabi/lib/thumb/v7e-m+fp/hard\libc_nano.a(lib_a-findfp.o)
                0x0000000008003c30                __sfp
 .text.fprintf  0x0000000008003cbc       0x24 c:/st/stm32cubeide_1.10.1/stm32cubeide/plugins/com.st.stm32cube.ide.mcu.externaltools.gnu-tools-for-stm32.10.3-2021.10.win32_1.0.0.202111181127/tools/bin/../lib/gcc/arm-none-eabi/10.3.1/../../../../arm-none-eabi/lib/thumb/v7e-m+fp/hard\libc_nano.a(lib_a-fprintf.o)
                0x0000000008003cbc                fiprintf
                0x0000000008003cbc                fprintf
 .text._fwalk_reent
                0x0000000008003ce0       0x3e c:/st/stm32cubeide_1.10.1/stm32cubeide/plugins/com.st.stm32cube.ide.mcu.externaltools.gnu-tools-for-stm32.10.3-2021.10.win32_1.0.0.202111181127/tools/bin/../lib/gcc/arm-none-eabi/10.3.1/../../../../arm-none-eabi/lib/thumb/v7e-m+fp/hard\libc_nano.a(lib_a-fwalk.o)
                0x0000000008003ce0                _fwalk_reent
 *fill*         0x0000000008003d1e        0x2 
 .text._gettimeofday_r
                0x0000000008003d20       0x24 c:/st/stm32cubeide_1.10.1/stm32cubeide/plugins/com.st.stm32cube.ide.mcu.externaltools.gnu-tools-for-stm32.10.3-2021.10.win32_1.0.0.202111181127/tools/bin/../lib/gcc/arm-none-eabi/10.3.1/../../../../arm-none-eabi/lib/thumb/v7e-m+fp/hard\libc_nano.a(lib_a-gettimeofdayr.o)
                0x0000000008003d20                _gettimeofday_r
 .text.__retarget_lock_init_recursive
                0x0000000008003d44        0x2 c:/st/stm32cubeide_1.10.1/stm32cubeide/plugins/com.st.stm32cube.ide.mcu.externaltools.gnu-tools-for-stm32.10.3-2021.10.win32_1.0.0.202111181127/tools/bin/../lib/gcc/arm-none-eabi/10.3.1/../../../../arm-none-eabi/lib/thumb/v7e-m+fp/hard\libc_nano.a(lib_a-lock.o)
                0x0000000008003d44                __retarget_lock_init_recursive
 .text.__retarget_lock_acquire_recursive
                0x0000000008003d46        0x2 c:/st/stm32cubeide_1.10.1/stm32cubeide/plugins/com.st.stm32cube.ide.mcu.externaltools.gnu-tools-for-stm32.10.3-2021.10.win32_1.0.0.202111181127/tools/bin/../lib/gcc/arm-none-eabi/10.3.1/../../../../arm-none-eabi/lib/thumb/v7e-m+fp/hard\libc_nano.a(lib_a-lock.o)
                0x0000000008003d46                __retarget_lock_acquire_recursive
 .text.__retarget_lock_release_recursive
                0x0000000008003d48        0x2 c:/st/stm32cubeide_1.10.1/stm32cubeide/plugins/com.st.stm32cube.ide.mcu.externaltools.gnu-tools-for-stm32.10.3-2021.10.win32_1.0.0.202111181127/tools/bin/../lib/gcc/arm-none-eabi/10.3.1/../../../../arm-none-eabi/lib/thumb/v7e-m+fp/hard\libc_nano.a(lib_a-lock.o)
                0x0000000008003d48                __retarget_lock_release_recursive
 *fill*         0x0000000008003d4a        0x2 
 .text.malloc   0x0000000008003d4c       0x10 c:/st/stm32cubeide_1.10.1/stm32cubeide/plugins/com.st.stm32cube.ide.mcu.externaltools.gnu-tools-for-stm32.10.3-2021.10.win32_1.0.0.202111181127/tools/bin/../lib/gcc/arm-none-eabi/10.3.1/../../../../arm-none-eabi/lib/thumb/v7e-m+fp/hard\libc_nano.a(lib_a-malloc.o)
                0x0000000008003d4c                malloc
 .text._free_r  0x0000000008003d5c       0x98 c:/st/stm32cubeide_1.10.1/stm32cubeide/plugins/com.st.stm32cube.ide.mcu.externaltools.gnu-tools-for-stm32.10.3-2021.10.win32_1.0.0.202111181127/tools/bin/../lib/gcc/arm-none-eabi/10.3.1/../../../../arm-none-eabi/lib/thumb/v7e-m+fp/hard\libc_nano.a(lib_a-nano-freer.o)
                0x0000000008003d5c                _free_r
 .text.sbrk_aligned
                0x0000000008003df4       0x40 c:/st/stm32cubeide_1.10.1/stm32cubeide/plugins/com.st.stm32cube.ide.mcu.externaltools.gnu-tools-for-stm32.10.3-2021.10.win32_1.0.0.202111181127/tools/bin/../lib/gcc/arm-none-eabi/10.3.1/../../../../arm-none-eabi/lib/thumb/v7e-m+fp/hard\libc_nano.a(lib_a-nano-mallocr.o)
 .text._malloc_r
                0x0000000008003e34       0xe8 c:/st/stm32cubeide_1.10.1/stm32cubeide/plugins/com.st.stm32cube.ide.mcu.externaltools.gnu-tools-for-stm32.10.3-2021.10.win32_1.0.0.202111181127/tools/bin/../lib/gcc/arm-none-eabi/10.3.1/../../../../arm-none-eabi/lib/thumb/v7e-m+fp/hard\libc_nano.a(lib_a-nano-mallocr.o)
                0x0000000008003e34                _malloc_r
 .text.__sfputc_r
                0x0000000008003f1c       0x2e c:/st/stm32cubeide_1.10.1/stm32cubeide/plugins/com.st.stm32cube.ide.mcu.externaltools.gnu-tools-for-stm32.10.3-2021.10.win32_1.0.0.202111181127/tools/bin/../lib/gcc/arm-none-eabi/10.3.1/../../../../arm-none-eabi/lib/thumb/v7e-m+fp/hard\libc_nano.a(lib_a-nano-vfprintf.o)
 .text.__sfputs_r
                0x0000000008003f4a       0x24 c:/st/stm32cubeide_1.10.1/stm32cubeide/plugins/com.st.stm32cube.ide.mcu.externaltools.gnu-tools-for-stm32.10.3-2021.10.win32_1.0.0.202111181127/tools/bin/../lib/gcc/arm-none-eabi/10.3.1/../../../../arm-none-eabi/lib/thumb/v7e-m+fp/hard\libc_nano.a(lib_a-nano-vfprintf.o)
                0x0000000008003f4a                __sfputs_r
 *fill*         0x0000000008003f6e        0x2 
 .text._vfprintf_r
                0x0000000008003f70      0x260 c:/st/stm32cubeide_1.10.1/stm32cubeide/plugins/com.st.stm32cube.ide.mcu.externaltools.gnu-tools-for-stm32.10.3-2021.10.win32_1.0.0.202111181127/tools/bin/../lib/gcc/arm-none-eabi/10.3.1/../../../../arm-none-eabi/lib/thumb/v7e-m+fp/hard\libc_nano.a(lib_a-nano-vfprintf.o)
                0x0000000008003f70                _vfprintf_r
                0x0000000008003f70                _vfiprintf_r
 .text._printf_common
                0x00000000080041d0       0xda c:/st/stm32cubeide_1.10.1/stm32cubeide/plugins/com.st.stm32cube.ide.mcu.externaltools.gnu-tools-for-stm32.10.3-2021.10.win32_1.0.0.202111181127/tools/bin/../lib/gcc/arm-none-eabi/10.3.1/../../../../arm-none-eabi/lib/thumb/v7e-m+fp/hard\libc_nano.a(lib_a-nano-vfprintf_i.o)
                0x00000000080041d0                _printf_common
 *fill*         0x00000000080042aa        0x2 
 .text._printf_i
                0x00000000080042ac      0x24c c:/st/stm32cubeide_1.10.1/stm32cubeide/plugins/com.st.stm32cube.ide.mcu.externaltools.gnu-tools-for-stm32.10.3-2021.10.win32_1.0.0.202111181127/tools/bin/../lib/gcc/arm-none-eabi/10.3.1/../../../../arm-none-eabi/lib/thumb/v7e-m+fp/hard\libc_nano.a(lib_a-nano-vfprintf_i.o)
                0x00000000080042ac                _printf_i
 .text._sbrk_r  0x00000000080044f8       0x20 c:/st/stm32cubeide_1.10.1/stm32cubeide/plugins/com.st.stm32cube.ide.mcu.externaltools.gnu-tools-for-stm32.10.3-2021.10.win32_1.0.0.202111181127/tools/bin/../lib/gcc/arm-none-eabi/10.3.1/../../../../arm-none-eabi/lib/thumb/v7e-m+fp/hard\libc_nano.a(lib_a-sbrkr.o)
                0x00000000080044f8                _sbrk_r
 .text.__sread  0x0000000008004518       0x22 c:/st/stm32cubeide_1.10.1/stm32cubeide/plugins/com.st.stm32cube.ide.mcu.externaltools.gnu-tools-for-stm32.10.3-2021.10.win32_1.0.0.202111181127/tools/bin/../lib/gcc/arm-none-eabi/10.3.1/../../../../arm-none-eabi/lib/thumb/v7e-m+fp/hard\libc_nano.a(lib_a-stdio.o)
                0x0000000008004518                __sread
 .text.__swrite
                0x000000000800453a       0x38 c:/st/stm32cubeide_1.10.1/stm32cubeide/plugins/com.st.stm32cube.ide.mcu.externaltools.gnu-tools-for-stm32.10.3-2021.10.win32_1.0.0.202111181127/tools/bin/../lib/gcc/arm-none-eabi/10.3.1/../../../../arm-none-eabi/lib/thumb/v7e-m+fp/hard\libc_nano.a(lib_a-stdio.o)
                0x000000000800453a                __swrite
 .text.__sseek  0x0000000008004572       0x24 c:/st/stm32cubeide_1.10.1/stm32cubeide/plugins/com.st.stm32cube.ide.mcu.externaltools.gnu-tools-for-stm32.10.3-2021.10.win32_1.0.0.202111181127/tools/bin/../lib/gcc/arm-none-eabi/10.3.1/../../../../arm-none-eabi/lib/thumb/v7e-m+fp/hard\libc_nano.a(lib_a-stdio.o)
                0x0000000008004572                __sseek
 .text.__sclose
                0x0000000008004596        0x8 c:/st/stm32cubeide_1.10.1/stm32cubeide/plugins/com.st.stm32cube.ide.mcu.externaltools.gnu-tools-for-stm32.10.3-2021.10.win32_1.0.0.202111181127/tools/bin/../lib/gcc/arm-none-eabi/10.3.1/../../../../arm-none-eabi/lib/thumb/v7e-m+fp/hard\libc_nano.a(lib_a-stdio.o)
                0x0000000008004596                __sclose
 *fill*         0x000000000800459e        0x2 
 .text.__swbuf_r
                0x00000000080045a0       0xa4 c:/st/stm32cubeide_1.10.1/stm32cubeide/plugins/com.st.stm32cube.ide.mcu.externaltools.gnu-tools-for-stm32.10.3-2021.10.win32_1.0.0.202111181127/tools/bin/../lib/gcc/arm-none-eabi/10.3.1/../../../../arm-none-eabi/lib/thumb/v7e-m+fp/hard\libc_nano.a(lib_a-wbuf.o)
                0x00000000080045a0                __swbuf_r
 .text._write_r
                0x0000000008004644       0x24 c:/st/stm32cubeide_1.10.1/stm32cubeide/plugins/com.st.stm32cube.ide.mcu.externaltools.gnu-tools-for-stm32.10.3-2021.10.win32_1.0.0.202111181127/tools/bin/../lib/gcc/arm-none-eabi/10.3.1/../../../../arm-none-eabi/lib/thumb/v7e-m+fp/hard\libc_nano.a(lib_a-writer.o)
                0x0000000008004644                _write_r
 .text.__swsetup_r
                0x0000000008004668       0xdc c:/st/stm32cubeide_1.10.1/stm32cubeide/plugins/com.st.stm32cube.ide.mcu.externaltools.gnu-tools-for-stm32.10.3-2021.10.win32_1.0.0.202111181127/tools/bin/../lib/gcc/arm-none-eabi/10.3.1/../../../../arm-none-eabi/lib/thumb/v7e-m+fp/hard\libc_nano.a(lib_a-wsetup.o)
                0x0000000008004668                __swsetup_r
 .text.abort    0x0000000008004744        0xe c:/st/stm32cubeide_1.10.1/stm32cubeide/plugins/com.st.stm32cube.ide.mcu.externaltools.gnu-tools-for-stm32.10.3-2021.10.win32_1.0.0.202111181127/tools/bin/../lib/gcc/arm-none-eabi/10.3.1/../../../../arm-none-eabi/lib/thumb/v7e-m+fp/hard\libc_nano.a(lib_a-abort.o)
                0x0000000008004744                abort
 *fill*         0x0000000008004752        0x2 
 .text._close_r
                0x0000000008004754       0x20 c:/st/stm32cubeide_1.10.1/stm32cubeide/plugins/com.st.stm32cube.ide.mcu.externaltools.gnu-tools-for-stm32.10.3-2021.10.win32_1.0.0.202111181127/tools/bin/../lib/gcc/arm-none-eabi/10.3.1/../../../../arm-none-eabi/lib/thumb/v7e-m+fp/hard\libc_nano.a(lib_a-closer.o)
                0x0000000008004754                _close_r
 .text.__sflush_r
                0x0000000008004774      0x10c c:/st/stm32cubeide_1.10.1/stm32cubeide/plugins/com.st.stm32cube.ide.mcu.externaltools.gnu-tools-for-stm32.10.3-2021.10.win32_1.0.0.202111181127/tools/bin/../lib/gcc/arm-none-eabi/10.3.1/../../../../arm-none-eabi/lib/thumb/v7e-m+fp/hard\libc_nano.a(lib_a-fflush.o)
                0x0000000008004774                __sflush_r
 .text._fflush_r
                0x0000000008004880       0x78 c:/st/stm32cubeide_1.10.1/stm32cubeide/plugins/com.st.stm32cube.ide.mcu.externaltools.gnu-tools-for-stm32.10.3-2021.10.win32_1.0.0.202111181127/tools/bin/../lib/gcc/arm-none-eabi/10.3.1/../../../../arm-none-eabi/lib/thumb/v7e-m+fp/hard\libc_nano.a(lib_a-fflush.o)
                0x0000000008004880                _fflush_r
 .text._lseek_r
                0x00000000080048f8       0x24 c:/st/stm32cubeide_1.10.1/stm32cubeide/plugins/com.st.stm32cube.ide.mcu.externaltools.gnu-tools-for-stm32.10.3-2021.10.win32_1.0.0.202111181127/tools/bin/../lib/gcc/arm-none-eabi/10.3.1/../../../../arm-none-eabi/lib/thumb/v7e-m+fp/hard\libc_nano.a(lib_a-lseekr.o)
                0x00000000080048f8                _lseek_r
 .text.__swhatbuf_r
                0x000000000800491c       0x4a c:/st/stm32cubeide_1.10.1/stm32cubeide/plugins/com.st.stm32cube.ide.mcu.externaltools.gnu-tools-for-stm32.10.3-2021.10.win32_1.0.0.202111181127/tools/bin/../lib/gcc/arm-none-eabi/10.3.1/../../../../arm-none-eabi/lib/thumb/v7e-m+fp/hard\libc_nano.a(lib_a-makebuf.o)
                0x000000000800491c                __swhatbuf_r
 *fill*         0x0000000008004966        0x2 
 .text.__smakebuf_r
                0x0000000008004968       0x80 c:/st/stm32cubeide_1.10.1/stm32cubeide/plugins/com.st.stm32cube.ide.mcu.externaltools.gnu-tools-for-stm32.10.3-2021.10.win32_1.0.0.202111181127/tools/bin/../lib/gcc/arm-none-eabi/10.3.1/../../../../arm-none-eabi/lib/thumb/v7e-m+fp/hard\libc_nano.a(lib_a-makebuf.o)
                0x0000000008004968                __smakebuf_r
 .text.__malloc_lock
                0x00000000080049e8        0xc c:/st/stm32cubeide_1.10.1/stm32cubeide/plugins/com.st.stm32cube.ide.mcu.externaltools.gnu-tools-for-stm32.10.3-2021.10.win32_1.0.0.202111181127/tools/bin/../lib/gcc/arm-none-eabi/10.3.1/../../../../arm-none-eabi/lib/thumb/v7e-m+fp/hard\libc_nano.a(lib_a-mlock.o)
                0x00000000080049e8                __malloc_lock
 .text.__malloc_unlock
                0x00000000080049f4        0xc c:/st/stm32cubeide_1.10.1/stm32cubeide/plugins/com.st.stm32cube.ide.mcu.externaltools.gnu-tools-for-stm32.10.3-2021.10.win32_1.0.0.202111181127/tools/bin/../lib/gcc/arm-none-eabi/10.3.1/../../../../arm-none-eabi/lib/thumb/v7e-m+fp/hard\libc_nano.a(lib_a-mlock.o)
                0x00000000080049f4                __malloc_unlock
 .text._read_r  0x0000000008004a00       0x24 c:/st/stm32cubeide_1.10.1/stm32cubeide/plugins/com.st.stm32cube.ide.mcu.externaltools.gnu-tools-for-stm32.10.3-2021.10.win32_1.0.0.202111181127/tools/bin/../lib/gcc/arm-none-eabi/10.3.1/../../../../arm-none-eabi/lib/thumb/v7e-m+fp/hard\libc_nano.a(lib_a-readr.o)
                0x0000000008004a00                _read_r
 .text._raise_r
                0x0000000008004a24       0x50 c:/st/stm32cubeide_1.10.1/stm32cubeide/plugins/com.st.stm32cube.ide.mcu.externaltools.gnu-tools-for-stm32.10.3-2021.10.win32_1.0.0.202111181127/tools/bin/../lib/gcc/arm-none-eabi/10.3.1/../../../../arm-none-eabi/lib/thumb/v7e-m+fp/hard\libc_nano.a(lib_a-signal.o)
                0x0000000008004a24                _raise_r
 .text.raise    0x0000000008004a74       0x10 c:/st/stm32cubeide_1.10.1/stm32cubeide/plugins/com.st.stm32cube.ide.mcu.externaltools.gnu-tools-for-stm32.10.3-2021.10.win32_1.0.0.202111181127/tools/bin/../lib/gcc/arm-none-eabi/10.3.1/../../../../arm-none-eabi/lib/thumb/v7e-m+fp/hard\libc_nano.a(lib_a-signal.o)
                0x0000000008004a74                raise
 .text._kill_r  0x0000000008004a84       0x24 c:/st/stm32cubeide_1.10.1/stm32cubeide/plugins/com.st.stm32cube.ide.mcu.externaltools.gnu-tools-for-stm32.10.3-2021.10.win32_1.0.0.202111181127/tools/bin/../lib/gcc/arm-none-eabi/10.3.1/../../../../arm-none-eabi/lib/thumb/v7e-m+fp/hard\libc_nano.a(lib_a-signalr.o)
                0x0000000008004a84                _kill_r
 .text._getpid_r
                0x0000000008004aa8        0x4 c:/st/stm32cubeide_1.10.1/stm32cubeide/plugins/com.st.stm32cube.ide.mcu.externaltools.gnu-tools-for-stm32.10.3-2021.10.win32_1.0.0.202111181127/tools/bin/../lib/gcc/arm-none-eabi/10.3.1/../../../../arm-none-eabi/lib/thumb/v7e-m+fp/hard\libc_nano.a(lib_a-signalr.o)
                0x0000000008004aa8                _getpid_r
 .text._fstat_r
                0x0000000008004aac       0x24 c:/st/stm32cubeide_1.10.1/stm32cubeide/plugins/com.st.stm32cube.ide.mcu.externaltools.gnu-tools-for-stm32.10.3-2021.10.win32_1.0.0.202111181127/tools/bin/../lib/gcc/arm-none-eabi/10.3.1/../../../../arm-none-eabi/lib/thumb/v7e-m+fp/hard\libc_nano.a(lib_a-fstatr.o)
                0x0000000008004aac                _fstat_r
 .text._isatty_r
                0x0000000008004ad0       0x20 c:/st/stm32cubeide_1.10.1/stm32cubeide/plugins/com.st.stm32cube.ide.mcu.externaltools.gnu-tools-for-stm32.10.3-2021.10.win32_1.0.0.202111181127/tools/bin/../lib/gcc/arm-none-eabi/10.3.1/../../../../arm-none-eabi/lib/thumb/v7e-m+fp/hard\libc_nano.a(lib_a-isattyr.o)
                0x0000000008004ad0                _isatty_r
 .text._gettimeofday
                0x0000000008004af0       0x10 c:/st/stm32cubeide_1.10.1/stm32cubeide/plugins/com.st.stm32cube.ide.mcu.externaltools.gnu-tools-for-stm32.10.3-2021.10.win32_1.0.0.202111181127/tools/bin/../lib/gcc/arm-none-eabi/10.3.1/../../../../arm-none-eabi/lib/thumb/v7e-m+fp/hard\libnosys.a(gettod.o)
                0x0000000008004af0                _gettimeofday
 *(.glue_7)
 .glue_7        0x0000000008004b00        0x0 linker stubs
 *(.glue_7t)
 .glue_7t       0x0000000008004b00        0x0 linker stubs
 *(.eh_frame)
 .eh_frame      0x0000000008004b00        0x0 c:/st/stm32cubeide_1.10.1/stm32cubeide/plugins/com.st.stm32cube.ide.mcu.externaltools.gnu-tools-for-stm32.10.3-2021.10.win32_1.0.0.202111181127/tools/bin/../lib/gcc/arm-none-eabi/10.3.1/thumb/v7e-m+fp/hard/crtbegin.o
 *(.init)
 .init          0x0000000008004b00        0x4 c:/st/stm32cubeide_1.10.1/stm32cubeide/plugins/com.st.stm32cube.ide.mcu.externaltools.gnu-tools-for-stm32.10.3-2021.10.win32_1.0.0.202111181127/tools/bin/../lib/gcc/arm-none-eabi/10.3.1/thumb/v7e-m+fp/hard/crti.o
                0x0000000008004b00                _init
 .init          0x0000000008004b04        0x8 c:/st/stm32cubeide_1.10.1/stm32cubeide/plugins/com.st.stm32cube.ide.mcu.externaltools.gnu-tools-for-stm32.10.3-2021.10.win32_1.0.0.202111181127/tools/bin/../lib/gcc/arm-none-eabi/10.3.1/thumb/v7e-m+fp/hard/crtn.o
 *(.fini)
 .fini          0x0000000008004b0c        0x4 c:/st/stm32cubeide_1.10.1/stm32cubeide/plugins/com.st.stm32cube.ide.mcu.externaltools.gnu-tools-for-stm32.10.3-2021.10.win32_1.0.0.202111181127/tools/bin/../lib/gcc/arm-none-eabi/10.3.1/thumb/v7e-m+fp/hard/crti.o
                0x0000000008004b0c                _fini
 .fini          0x0000000008004b10        0x8 c:/st/stm32cubeide_1.10.1/stm32cubeide/plugins/com.st.stm32cube.ide.mcu.externaltools.gnu-tools-for-stm32.10.3-2021.10.win32_1.0.0.202111181127/tools/bin/../lib/gcc/arm-none-eabi/10.3.1/thumb/v7e-m+fp/hard/crtn.o
                0x0000000008004b18                . = ALIGN (0x4)
                0x0000000008004b18                _etext = .

.vfp11_veneer   0x0000000008004b18        0x0
 .vfp11_veneer  0x0000000008004b18        0x0 linker stubs

.v4_bx          0x0000000008004b18        0x0
 .v4_bx         0x0000000008004b18        0x0 linker stubs

.iplt           0x0000000008004b18        0x0
 .iplt          0x0000000008004b18        0x0 c:/st/stm32cubeide_1.10.1/stm32cubeide/plugins/com.st.stm32cube.ide.mcu.externaltools.gnu-tools-for-stm32.10.3-2021.10.win32_1.0.0.202111181127/tools/bin/../lib/gcc/arm-none-eabi/10.3.1/thumb/v7e-m+fp/hard/crtbegin.o

.rodata         0x0000000008004b18      0x18c
                0x0000000008004b18                . = ALIGN (0x4)
 *(.rodata)
 .rodata        0x0000000008004b18        0x4 ./Core/Src/main.o
 *(.rodata*)
 .rodata.AHBPrescTable
                0x0000000008004b1c       0x10 ./Core/Src/system_stm32g4xx.o
                0x0000000008004b1c                AHBPrescTable
 .rodata.APBPrescTable
                0x0000000008004b2c        0x8 ./Core/Src/system_stm32g4xx.o
                0x0000000008004b2c                APBPrescTable
 .rodata.UARTPrescTable
                0x0000000008004b34       0x18 ./Drivers/STM32G4xx_HAL_Driver/Src/stm32g4xx_hal_uart.o
                0x0000000008004b34                UARTPrescTable
 .rodata.numerator.1
                0x0000000008004b4c        0x8 ./Drivers/STM32G4xx_HAL_Driver/Src/stm32g4xx_hal_uart_ex.o
 .rodata.denominator.0
                0x0000000008004b54        0x8 ./Drivers/STM32G4xx_HAL_Driver/Src/stm32g4xx_hal_uart_ex.o
 .rodata._global_impure_ptr
                0x0000000008004b5c        0x4 c:/st/stm32cubeide_1.10.1/stm32cubeide/plugins/com.st.stm32cube.ide.mcu.externaltools.gnu-tools-for-stm32.10.3-2021.10.win32_1.0.0.202111181127/tools/bin/../lib/gcc/arm-none-eabi/10.3.1/../../../../arm-none-eabi/lib/thumb/v7e-m+fp/hard\libc_nano.a(lib_a-impure.o)
                0x0000000008004b5c                _global_impure_ptr
 .rodata.srand.str1.1
                0x0000000008004b60       0x72 c:/st/stm32cubeide_1.10.1/stm32cubeide/plugins/com.st.stm32cube.ide.mcu.externaltools.gnu-tools-for-stm32.10.3-2021.10.win32_1.0.0.202111181127/tools/bin/../lib/gcc/arm-none-eabi/10.3.1/../../../../arm-none-eabi/lib/thumb/v7e-m+fp/hard\libc_nano.a(lib_a-rand.o)
 .rodata.__assert_func.str1.1
                0x0000000008004bd2       0x3c c:/st/stm32cubeide_1.10.1/stm32cubeide/plugins/com.st.stm32cube.ide.mcu.externaltools.gnu-tools-for-stm32.10.3-2021.10.win32_1.0.0.202111181127/tools/bin/../lib/gcc/arm-none-eabi/10.3.1/../../../../arm-none-eabi/lib/thumb/v7e-m+fp/hard\libc_nano.a(lib_a-assert.o)
                                         0x3d (size before relaxing)
 *fill*         0x0000000008004c0e        0x2 
 .rodata.__sf_fake_stderr
                0x0000000008004c10       0x20 c:/st/stm32cubeide_1.10.1/stm32cubeide/plugins/com.st.stm32cube.ide.mcu.externaltools.gnu-tools-for-stm32.10.3-2021.10.win32_1.0.0.202111181127/tools/bin/../lib/gcc/arm-none-eabi/10.3.1/../../../../arm-none-eabi/lib/thumb/v7e-m+fp/hard\libc_nano.a(lib_a-findfp.o)
                0x0000000008004c10                __sf_fake_stderr
 .rodata.__sf_fake_stdin
                0x0000000008004c30       0x20 c:/st/stm32cubeide_1.10.1/stm32cubeide/plugins/com.st.stm32cube.ide.mcu.externaltools.gnu-tools-for-stm32.10.3-2021.10.win32_1.0.0.202111181127/tools/bin/../lib/gcc/arm-none-eabi/10.3.1/../../../../arm-none-eabi/lib/thumb/v7e-m+fp/hard\libc_nano.a(lib_a-findfp.o)
                0x0000000008004c30                __sf_fake_stdin
 .rodata.__sf_fake_stdout
                0x0000000008004c50       0x20 c:/st/stm32cubeide_1.10.1/stm32cubeide/plugins/com.st.stm32cube.ide.mcu.externaltools.gnu-tools-for-stm32.10.3-2021.10.win32_1.0.0.202111181127/tools/bin/../lib/gcc/arm-none-eabi/10.3.1/../../../../arm-none-eabi/lib/thumb/v7e-m+fp/hard\libc_nano.a(lib_a-findfp.o)
                0x0000000008004c50                __sf_fake_stdout
 .rodata._vfprintf_r.str1.1
                0x0000000008004c70       0x11 c:/st/stm32cubeide_1.10.1/stm32cubeide/plugins/com.st.stm32cube.ide.mcu.externaltools.gnu-tools-for-stm32.10.3-2021.10.win32_1.0.0.202111181127/tools/bin/../lib/gcc/arm-none-eabi/10.3.1/../../../../arm-none-eabi/lib/thumb/v7e-m+fp/hard\libc_nano.a(lib_a-nano-vfprintf.o)
 .rodata._printf_i.str1.1
                0x0000000008004c81       0x22 c:/st/stm32cubeide_1.10.1/stm32cubeide/plugins/com.st.stm32cube.ide.mcu.externaltools.gnu-tools-for-stm32.10.3-2021.10.win32_1.0.0.202111181127/tools/bin/../lib/gcc/arm-none-eabi/10.3.1/../../../../arm-none-eabi/lib/thumb/v7e-m+fp/hard\libc_nano.a(lib_a-nano-vfprintf_i.o)
                0x0000000008004ca4                . = ALIGN (0x4)
 *fill*         0x0000000008004ca3        0x1 

.ARM.extab      0x0000000008004ca4        0x0
                0x0000000008004ca4                . = ALIGN (0x4)
 *(.ARM.extab* .gnu.linkonce.armextab.*)
                0x0000000008004ca4                . = ALIGN (0x4)

.ARM            0x0000000008004ca4        0x8
                0x0000000008004ca4                . = ALIGN (0x4)
                0x0000000008004ca4                __exidx_start = .
 *(.ARM.exidx*)
 .ARM.exidx     0x0000000008004ca4        0x8 c:/st/stm32cubeide_1.10.1/stm32cubeide/plugins/com.st.stm32cube.ide.mcu.externaltools.gnu-tools-for-stm32.10.3-2021.10.win32_1.0.0.202111181127/tools/bin/../lib/gcc/arm-none-eabi/10.3.1/thumb/v7e-m+fp/hard\libgcc.a(_udivmoddi4.o)
                0x0000000008004cac                __exidx_end = .
                0x0000000008004cac                . = ALIGN (0x4)

.rel.dyn        0x0000000008004cac        0x0
 .rel.iplt      0x0000000008004cac        0x0 c:/st/stm32cubeide_1.10.1/stm32cubeide/plugins/com.st.stm32cube.ide.mcu.externaltools.gnu-tools-for-stm32.10.3-2021.10.win32_1.0.0.202111181127/tools/bin/../lib/gcc/arm-none-eabi/10.3.1/thumb/v7e-m+fp/hard/crtbegin.o

.preinit_array  0x0000000008004cac        0x0
                0x0000000008004cac                . = ALIGN (0x4)
                0x0000000008004cac                PROVIDE (__preinit_array_start = .)
 *(.preinit_array*)
                0x0000000008004cac                PROVIDE (__preinit_array_end = .)
                0x0000000008004cac                . = ALIGN (0x4)

.init_array     0x0000000008004cac        0x4
                0x0000000008004cac                . = ALIGN (0x4)
                0x0000000008004cac                PROVIDE (__init_array_start = .)
 *(SORT_BY_NAME(.init_array.*))
 *(.init_array*)
 .init_array    0x0000000008004cac        0x4 c:/st/stm32cubeide_1.10.1/stm32cubeide/plugins/com.st.stm32cube.ide.mcu.externaltools.gnu-tools-for-stm32.10.3-2021.10.win32_1.0.0.202111181127/tools/bin/../lib/gcc/arm-none-eabi/10.3.1/thumb/v7e-m+fp/hard/crtbegin.o
                0x0000000008004cb0                PROVIDE (__init_array_end = .)
                0x0000000008004cb0                . = ALIGN (0x4)

.fini_array     0x0000000008004cb0        0x4
                0x0000000008004cb0                . = ALIGN (0x4)
                [!provide]                        PROVIDE (__fini_array_start = .)
 *(SORT_BY_NAME(.fini_array.*))
 *(.fini_array*)
 .fini_array    0x0000000008004cb0        0x4 c:/st/stm32cubeide_1.10.1/stm32cubeide/plugins/com.st.stm32cube.ide.mcu.externaltools.gnu-tools-for-stm32.10.3-2021.10.win32_1.0.0.202111181127/tools/bin/../lib/gcc/arm-none-eabi/10.3.1/thumb/v7e-m+fp/hard/crtbegin.o
                [!provide]                        PROVIDE (__fini_array_end = .)
                0x0000000008004cb4                . = ALIGN (0x4)
                0x0000000008004cb4                _sidata = LOADADDR (.data)

.data           0x0000000020000000       0x70 load address 0x0000000008004cb4
                0x0000000020000000                . = ALIGN (0x4)
                0x0000000020000000                _sdata = .
 *(.data)
 *(.data*)
 .data.SystemCoreClock
                0x0000000020000000        0x4 ./Core/Src/system_stm32g4xx.o
                0x0000000020000000                SystemCoreClock
 .data.uwTickPrio
                0x0000000020000004        0x4 ./Drivers/STM32G4xx_HAL_Driver/Src/stm32g4xx_hal.o
                0x0000000020000004                uwTickPrio
 .data.uwTickFreq
                0x0000000020000008        0x4 ./Drivers/STM32G4xx_HAL_Driver/Src/stm32g4xx_hal.o
                0x0000000020000008                uwTickFreq
 .data._impure_ptr
                0x000000002000000c        0x4 c:/st/stm32cubeide_1.10.1/stm32cubeide/plugins/com.st.stm32cube.ide.mcu.externaltools.gnu-tools-for-stm32.10.3-2021.10.win32_1.0.0.202111181127/tools/bin/../lib/gcc/arm-none-eabi/10.3.1/../../../../arm-none-eabi/lib/thumb/v7e-m+fp/hard\libc_nano.a(lib_a-impure.o)
                0x000000002000000c                _impure_ptr
 .data.impure_data
                0x0000000020000010       0x60 c:/st/stm32cubeide_1.10.1/stm32cubeide/plugins/com.st.stm32cube.ide.mcu.externaltools.gnu-tools-for-stm32.10.3-2021.10.win32_1.0.0.202111181127/tools/bin/../lib/gcc/arm-none-eabi/10.3.1/../../../../arm-none-eabi/lib/thumb/v7e-m+fp/hard\libc_nano.a(lib_a-impure.o)
 *(.RamFunc)
 *(.RamFunc*)
                0x0000000020000070                . = ALIGN (0x4)
                0x0000000020000070                _edata = .

.igot.plt       0x0000000020000070        0x0 load address 0x0000000008004d24
 .igot.plt      0x0000000020000070        0x0 c:/st/stm32cubeide_1.10.1/stm32cubeide/plugins/com.st.stm32cube.ide.mcu.externaltools.gnu-tools-for-stm32.10.3-2021.10.win32_1.0.0.202111181127/tools/bin/../lib/gcc/arm-none-eabi/10.3.1/thumb/v7e-m+fp/hard/crtbegin.o
                0x0000000020000070                . = ALIGN (0x4)

.bss            0x0000000020000070       0xd8 load address 0x0000000008004d24
                0x0000000020000070                _sbss = .
                0x0000000020000070                __bss_start__ = _sbss
 *(.bss)
 .bss           0x0000000020000070       0x1c c:/st/stm32cubeide_1.10.1/stm32cubeide/plugins/com.st.stm32cube.ide.mcu.externaltools.gnu-tools-for-stm32.10.3-2021.10.win32_1.0.0.202111181127/tools/bin/../lib/gcc/arm-none-eabi/10.3.1/thumb/v7e-m+fp/hard/crtbegin.o
 *(.bss*)
 .bss.hlpuart1  0x000000002000008c       0x90 ./Core/Src/main.o
                0x000000002000008c                hlpuart1
 .bss.data      0x000000002000011c       0x11 ./Core/Src/main.o
                0x000000002000011c                data
 *fill*         0x000000002000012d        0x3 
 .bss.__sbrk_heap_end
                0x0000000020000130        0x4 ./Core/Src/sysmem.o
 .bss.uwTick    0x0000000020000134        0x4 ./Drivers/STM32G4xx_HAL_Driver/Src/stm32g4xx_hal.o
                0x0000000020000134                uwTick
 .bss.__lock___malloc_recursive_mutex
                0x0000000020000138        0x1 c:/st/stm32cubeide_1.10.1/stm32cubeide/plugins/com.st.stm32cube.ide.mcu.externaltools.gnu-tools-for-stm32.10.3-2021.10.win32_1.0.0.202111181127/tools/bin/../lib/gcc/arm-none-eabi/10.3.1/../../../../arm-none-eabi/lib/thumb/v7e-m+fp/hard\libc_nano.a(lib_a-lock.o)
                0x0000000020000138                __lock___malloc_recursive_mutex
 .bss.__lock___sfp_recursive_mutex
                0x0000000020000139        0x1 c:/st/stm32cubeide_1.10.1/stm32cubeide/plugins/com.st.stm32cube.ide.mcu.externaltools.gnu-tools-for-stm32.10.3-2021.10.win32_1.0.0.202111181127/tools/bin/../lib/gcc/arm-none-eabi/10.3.1/../../../../arm-none-eabi/lib/thumb/v7e-m+fp/hard\libc_nano.a(lib_a-lock.o)
                0x0000000020000139                __lock___sfp_recursive_mutex
 .bss.__lock___sinit_recursive_mutex
                0x000000002000013a        0x1 c:/st/stm32cubeide_1.10.1/stm32cubeide/plugins/com.st.stm32cube.ide.mcu.externaltools.gnu-tools-for-stm32.10.3-2021.10.win32_1.0.0.202111181127/tools/bin/../lib/gcc/arm-none-eabi/10.3.1/../../../../arm-none-eabi/lib/thumb/v7e-m+fp/hard\libc_nano.a(lib_a-lock.o)
                0x000000002000013a                __lock___sinit_recursive_mutex
 *fill*         0x000000002000013b        0x1 
 .bss.__malloc_free_list
                0x000000002000013c        0x4 c:/st/stm32cubeide_1.10.1/stm32cubeide/plugins/com.st.stm32cube.ide.mcu.externaltools.gnu-tools-for-stm32.10.3-2021.10.win32_1.0.0.202111181127/tools/bin/../lib/gcc/arm-none-eabi/10.3.1/../../../../arm-none-eabi/lib/thumb/v7e-m+fp/hard\libc_nano.a(lib_a-nano-mallocr.o)
                0x000000002000013c                __malloc_free_list
 .bss.__malloc_sbrk_start
                0x0000000020000140        0x4 c:/st/stm32cubeide_1.10.1/stm32cubeide/plugins/com.st.stm32cube.ide.mcu.externaltools.gnu-tools-for-stm32.10.3-2021.10.win32_1.0.0.202111181127/tools/bin/../lib/gcc/arm-none-eabi/10.3.1/../../../../arm-none-eabi/lib/thumb/v7e-m+fp/hard\libc_nano.a(lib_a-nano-mallocr.o)
                0x0000000020000140                __malloc_sbrk_start
 .bss.errno     0x0000000020000144        0x4 c:/st/stm32cubeide_1.10.1/stm32cubeide/plugins/com.st.stm32cube.ide.mcu.externaltools.gnu-tools-for-stm32.10.3-2021.10.win32_1.0.0.202111181127/tools/bin/../lib/gcc/arm-none-eabi/10.3.1/../../../../arm-none-eabi/lib/thumb/v7e-m+fp/hard\libc_nano.a(lib_a-reent.o)
                0x0000000020000144                errno
 *(COMMON)
                0x0000000020000148                . = ALIGN (0x4)
                0x0000000020000148                _ebss = .
                0x0000000020000148                __bss_end__ = _ebss

._user_heap_stack
                0x0000000020000148      0x600 load address 0x0000000008004d24
                0x0000000020000148                . = ALIGN (0x8)
                [!provide]                        PROVIDE (end = .)
                0x0000000020000148                PROVIDE (_end = .)
                0x0000000020000348                . = (. + _Min_Heap_Size)
 *fill*         0x0000000020000148      0x200 
                0x0000000020000748                . = (. + _Min_Stack_Size)
 *fill*         0x0000000020000348      0x400 
                0x0000000020000748                . = ALIGN (0x8)

/DISCARD/
 libc.a(*)
 libm.a(*)
 libgcc.a(*)

.ARM.attributes
                0x0000000000000000       0x30
 *(.ARM.attributes)
 .ARM.attributes
                0x0000000000000000       0x1e c:/st/stm32cubeide_1.10.1/stm32cubeide/plugins/com.st.stm32cube.ide.mcu.externaltools.gnu-tools-for-stm32.10.3-2021.10.win32_1.0.0.202111181127/tools/bin/../lib/gcc/arm-none-eabi/10.3.1/thumb/v7e-m+fp/hard/crti.o
 .ARM.attributes
                0x000000000000001e       0x34 c:/st/stm32cubeide_1.10.1/stm32cubeide/plugins/com.st.stm32cube.ide.mcu.externaltools.gnu-tools-for-stm32.10.3-2021.10.win32_1.0.0.202111181127/tools/bin/../lib/gcc/arm-none-eabi/10.3.1/thumb/v7e-m+fp/hard/crtbegin.o
 .ARM.attributes
                0x0000000000000052       0x34 ./Core/Src/main.o
 .ARM.attributes
                0x0000000000000086       0x34 ./Core/Src/stm32g4xx_hal_msp.o
 .ARM.attributes
                0x00000000000000ba       0x34 ./Core/Src/stm32g4xx_it.o
 .ARM.attributes
                0x00000000000000ee       0x34 ./Core/Src/syscalls.o
 .ARM.attributes
                0x0000000000000122       0x34 ./Core/Src/sysmem.o
 .ARM.attributes
                0x0000000000000156       0x34 ./Core/Src/system_stm32g4xx.o
 .ARM.attributes
                0x000000000000018a       0x21 ./Core/Startup/startup_stm32g474retx.o
 .ARM.attributes
                0x00000000000001ab       0x34 ./Drivers/STM32G4xx_HAL_Driver/Src/stm32g4xx_hal.o
 .ARM.attributes
                0x00000000000001df       0x34 ./Drivers/STM32G4xx_HAL_Driver/Src/stm32g4xx_hal_cortex.o
 .ARM.attributes
                0x0000000000000213       0x34 ./Drivers/STM32G4xx_HAL_Driver/Src/stm32g4xx_hal_dma.o
 .ARM.attributes
                0x0000000000000247       0x34 ./Drivers/STM32G4xx_HAL_Driver/Src/stm32g4xx_hal_gpio.o
 .ARM.attributes
                0x000000000000027b       0x34 ./Drivers/STM32G4xx_HAL_Driver/Src/stm32g4xx_hal_pwr_ex.o
 .ARM.attributes
                0x00000000000002af       0x34 ./Drivers/STM32G4xx_HAL_Driver/Src/stm32g4xx_hal_rcc.o
 .ARM.attributes
                0x00000000000002e3       0x34 ./Drivers/STM32G4xx_HAL_Driver/Src/stm32g4xx_hal_rcc_ex.o
 .ARM.attributes
                0x0000000000000317       0x34 ./Drivers/STM32G4xx_HAL_Driver/Src/stm32g4xx_hal_uart.o
 .ARM.attributes
                0x000000000000034b       0x34 ./Drivers/STM32G4xx_HAL_Driver/Src/stm32g4xx_hal_uart_ex.o
 .ARM.attributes
                0x000000000000037f       0x34 c:/st/stm32cubeide_1.10.1/stm32cubeide/plugins/com.st.stm32cube.ide.mcu.externaltools.gnu-tools-for-stm32.10.3-2021.10.win32_1.0.0.202111181127/tools/bin/../lib/gcc/arm-none-eabi/10.3.1/../../../../arm-none-eabi/lib/thumb/v7e-m+fp/hard\libc_nano.a(lib_a-errno.o)
 .ARM.attributes
                0x00000000000003b3       0x34 c:/st/stm32cubeide_1.10.1/stm32cubeide/plugins/com.st.stm32cube.ide.mcu.externaltools.gnu-tools-for-stm32.10.3-2021.10.win32_1.0.0.202111181127/tools/bin/../lib/gcc/arm-none-eabi/10.3.1/../../../../arm-none-eabi/lib/thumb/v7e-m+fp/hard\libc_nano.a(lib_a-impure.o)
 .ARM.attributes
                0x00000000000003e7       0x34 c:/st/stm32cubeide_1.10.1/stm32cubeide/plugins/com.st.stm32cube.ide.mcu.externaltools.gnu-tools-for-stm32.10.3-2021.10.win32_1.0.0.202111181127/tools/bin/../lib/gcc/arm-none-eabi/10.3.1/../../../../arm-none-eabi/lib/thumb/v7e-m+fp/hard\libc_nano.a(lib_a-init.o)
 .ARM.attributes
                0x000000000000041b       0x34 c:/st/stm32cubeide_1.10.1/stm32cubeide/plugins/com.st.stm32cube.ide.mcu.externaltools.gnu-tools-for-stm32.10.3-2021.10.win32_1.0.0.202111181127/tools/bin/../lib/gcc/arm-none-eabi/10.3.1/../../../../arm-none-eabi/lib/thumb/v7e-m+fp/hard\libc_nano.a(lib_a-memset.o)
 .ARM.attributes
                0x000000000000044f       0x34 c:/st/stm32cubeide_1.10.1/stm32cubeide/plugins/com.st.stm32cube.ide.mcu.externaltools.gnu-tools-for-stm32.10.3-2021.10.win32_1.0.0.202111181127/tools/bin/../lib/gcc/arm-none-eabi/10.3.1/../../../../arm-none-eabi/lib/thumb/v7e-m+fp/hard\libc_nano.a(lib_a-printf.o)
 .ARM.attributes
                0x0000000000000483       0x34 c:/st/stm32cubeide_1.10.1/stm32cubeide/plugins/com.st.stm32cube.ide.mcu.externaltools.gnu-tools-for-stm32.10.3-2021.10.win32_1.0.0.202111181127/tools/bin/../lib/gcc/arm-none-eabi/10.3.1/../../../../arm-none-eabi/lib/thumb/v7e-m+fp/hard\libc_nano.a(lib_a-rand.o)
 .ARM.attributes
                0x00000000000004b7       0x34 c:/st/stm32cubeide_1.10.1/stm32cubeide/plugins/com.st.stm32cube.ide.mcu.externaltools.gnu-tools-for-stm32.10.3-2021.10.win32_1.0.0.202111181127/tools/bin/../lib/gcc/arm-none-eabi/10.3.1/../../../../arm-none-eabi/lib/thumb/v7e-m+fp/hard\libc_nano.a(lib_a-time.o)
 .ARM.attributes
                0x00000000000004eb       0x34 c:/st/stm32cubeide_1.10.1/stm32cubeide/plugins/com.st.stm32cube.ide.mcu.externaltools.gnu-tools-for-stm32.10.3-2021.10.win32_1.0.0.202111181127/tools/bin/../lib/gcc/arm-none-eabi/10.3.1/../../../../arm-none-eabi/lib/thumb/v7e-m+fp/hard\libc_nano.a(lib_a-assert.o)
 .ARM.attributes
                0x000000000000051f       0x34 c:/st/stm32cubeide_1.10.1/stm32cubeide/plugins/com.st.stm32cube.ide.mcu.externaltools.gnu-tools-for-stm32.10.3-2021.10.win32_1.0.0.202111181127/tools/bin/../lib/gcc/arm-none-eabi/10.3.1/../../../../arm-none-eabi/lib/thumb/v7e-m+fp/hard\libc_nano.a(lib_a-findfp.o)
 .ARM.attributes
                0x0000000000000553       0x34 c:/st/stm32cubeide_1.10.1/stm32cubeide/plugins/com.st.stm32cube.ide.mcu.externaltools.gnu-tools-for-stm32.10.3-2021.10.win32_1.0.0.202111181127/tools/bin/../lib/gcc/arm-none-eabi/10.3.1/../../../../arm-none-eabi/lib/thumb/v7e-m+fp/hard\libc_nano.a(lib_a-fprintf.o)
 .ARM.attributes
                0x0000000000000587       0x34 c:/st/stm32cubeide_1.10.1/stm32cubeide/plugins/com.st.stm32cube.ide.mcu.externaltools.gnu-tools-for-stm32.10.3-2021.10.win32_1.0.0.202111181127/tools/bin/../lib/gcc/arm-none-eabi/10.3.1/../../../../arm-none-eabi/lib/thumb/v7e-m+fp/hard\libc_nano.a(lib_a-fwalk.o)
 .ARM.attributes
                0x00000000000005bb       0x34 c:/st/stm32cubeide_1.10.1/stm32cubeide/plugins/com.st.stm32cube.ide.mcu.externaltools.gnu-tools-for-stm32.10.3-2021.10.win32_1.0.0.202111181127/tools/bin/../lib/gcc/arm-none-eabi/10.3.1/../../../../arm-none-eabi/lib/thumb/v7e-m+fp/hard\libc_nano.a(lib_a-gettimeofdayr.o)
 .ARM.attributes
                0x00000000000005ef       0x34 c:/st/stm32cubeide_1.10.1/stm32cubeide/plugins/com.st.stm32cube.ide.mcu.externaltools.gnu-tools-for-stm32.10.3-2021.10.win32_1.0.0.202111181127/tools/bin/../lib/gcc/arm-none-eabi/10.3.1/../../../../arm-none-eabi/lib/thumb/v7e-m+fp/hard\libc_nano.a(lib_a-lock.o)
 .ARM.attributes
                0x0000000000000623       0x34 c:/st/stm32cubeide_1.10.1/stm32cubeide/plugins/com.st.stm32cube.ide.mcu.externaltools.gnu-tools-for-stm32.10.3-2021.10.win32_1.0.0.202111181127/tools/bin/../lib/gcc/arm-none-eabi/10.3.1/../../../../arm-none-eabi/lib/thumb/v7e-m+fp/hard\libc_nano.a(lib_a-malloc.o)
 .ARM.attributes
                0x0000000000000657       0x34 c:/st/stm32cubeide_1.10.1/stm32cubeide/plugins/com.st.stm32cube.ide.mcu.externaltools.gnu-tools-for-stm32.10.3-2021.10.win32_1.0.0.202111181127/tools/bin/../lib/gcc/arm-none-eabi/10.3.1/../../../../arm-none-eabi/lib/thumb/v7e-m+fp/hard\libc_nano.a(lib_a-nano-freer.o)
 .ARM.attributes
                0x000000000000068b       0x34 c:/st/stm32cubeide_1.10.1/stm32cubeide/plugins/com.st.stm32cube.ide.mcu.externaltools.gnu-tools-for-stm32.10.3-2021.10.win32_1.0.0.202111181127/tools/bin/../lib/gcc/arm-none-eabi/10.3.1/../../../../arm-none-eabi/lib/thumb/v7e-m+fp/hard\libc_nano.a(lib_a-nano-mallocr.o)
 .ARM.attributes
                0x00000000000006bf       0x34 c:/st/stm32cubeide_1.10.1/stm32cubeide/plugins/com.st.stm32cube.ide.mcu.externaltools.gnu-tools-for-stm32.10.3-2021.10.win32_1.0.0.202111181127/tools/bin/../lib/gcc/arm-none-eabi/10.3.1/../../../../arm-none-eabi/lib/thumb/v7e-m+fp/hard\libc_nano.a(lib_a-nano-vfprintf.o)
 .ARM.attributes
                0x00000000000006f3       0x34 c:/st/stm32cubeide_1.10.1/stm32cubeide/plugins/com.st.stm32cube.ide.mcu.externaltools.gnu-tools-for-stm32.10.3-2021.10.win32_1.0.0.202111181127/tools/bin/../lib/gcc/arm-none-eabi/10.3.1/../../../../arm-none-eabi/lib/thumb/v7e-m+fp/hard\libc_nano.a(lib_a-nano-vfprintf_i.o)
 .ARM.attributes
                0x0000000000000727       0x34 c:/st/stm32cubeide_1.10.1/stm32cubeide/plugins/com.st.stm32cube.ide.mcu.externaltools.gnu-tools-for-stm32.10.3-2021.10.win32_1.0.0.202111181127/tools/bin/../lib/gcc/arm-none-eabi/10.3.1/../../../../arm-none-eabi/lib/thumb/v7e-m+fp/hard\libc_nano.a(lib_a-reent.o)
 .ARM.attributes
                0x000000000000075b       0x34 c:/st/stm32cubeide_1.10.1/stm32cubeide/plugins/com.st.stm32cube.ide.mcu.externaltools.gnu-tools-for-stm32.10.3-2021.10.win32_1.0.0.202111181127/tools/bin/../lib/gcc/arm-none-eabi/10.3.1/../../../../arm-none-eabi/lib/thumb/v7e-m+fp/hard\libc_nano.a(lib_a-sbrkr.o)
 .ARM.attributes
                0x000000000000078f       0x34 c:/st/stm32cubeide_1.10.1/stm32cubeide/plugins/com.st.stm32cube.ide.mcu.externaltools.gnu-tools-for-stm32.10.3-2021.10.win32_1.0.0.202111181127/tools/bin/../lib/gcc/arm-none-eabi/10.3.1/../../../../arm-none-eabi/lib/thumb/v7e-m+fp/hard\libc_nano.a(lib_a-stdio.o)
 .ARM.attributes
                0x00000000000007c3       0x34 c:/st/stm32cubeide_1.10.1/stm32cubeide/plugins/com.st.stm32cube.ide.mcu.externaltools.gnu-tools-for-stm32.10.3-2021.10.win32_1.0.0.202111181127/tools/bin/../lib/gcc/arm-none-eabi/10.3.1/../../../../arm-none-eabi/lib/thumb/v7e-m+fp/hard\libc_nano.a(lib_a-wbuf.o)
 .ARM.attributes
                0x00000000000007f7       0x34 c:/st/stm32cubeide_1.10.1/stm32cubeide/plugins/com.st.stm32cube.ide.mcu.externaltools.gnu-tools-for-stm32.10.3-2021.10.win32_1.0.0.202111181127/tools/bin/../lib/gcc/arm-none-eabi/10.3.1/../../../../arm-none-eabi/lib/thumb/v7e-m+fp/hard\libc_nano.a(lib_a-writer.o)
 .ARM.attributes
                0x000000000000082b       0x34 c:/st/stm32cubeide_1.10.1/stm32cubeide/plugins/com.st.stm32cube.ide.mcu.externaltools.gnu-tools-for-stm32.10.3-2021.10.win32_1.0.0.202111181127/tools/bin/../lib/gcc/arm-none-eabi/10.3.1/../../../../arm-none-eabi/lib/thumb/v7e-m+fp/hard\libc_nano.a(lib_a-wsetup.o)
 .ARM.attributes
                0x000000000000085f       0x34 c:/st/stm32cubeide_1.10.1/stm32cubeide/plugins/com.st.stm32cube.ide.mcu.externaltools.gnu-tools-for-stm32.10.3-2021.10.win32_1.0.0.202111181127/tools/bin/../lib/gcc/arm-none-eabi/10.3.1/../../../../arm-none-eabi/lib/thumb/v7e-m+fp/hard\libc_nano.a(lib_a-abort.o)
 .ARM.attributes
                0x0000000000000893       0x34 c:/st/stm32cubeide_1.10.1/stm32cubeide/plugins/com.st.stm32cube.ide.mcu.externaltools.gnu-tools-for-stm32.10.3-2021.10.win32_1.0.0.202111181127/tools/bin/../lib/gcc/arm-none-eabi/10.3.1/../../../../arm-none-eabi/lib/thumb/v7e-m+fp/hard\libc_nano.a(lib_a-closer.o)
 .ARM.attributes
                0x00000000000008c7       0x34 c:/st/stm32cubeide_1.10.1/stm32cubeide/plugins/com.st.stm32cube.ide.mcu.externaltools.gnu-tools-for-stm32.10.3-2021.10.win32_1.0.0.202111181127/tools/bin/../lib/gcc/arm-none-eabi/10.3.1/../../../../arm-none-eabi/lib/thumb/v7e-m+fp/hard\libc_nano.a(lib_a-fflush.o)
 .ARM.attributes
                0x00000000000008fb       0x34 c:/st/stm32cubeide_1.10.1/stm32cubeide/plugins/com.st.stm32cube.ide.mcu.externaltools.gnu-tools-for-stm32.10.3-2021.10.win32_1.0.0.202111181127/tools/bin/../lib/gcc/arm-none-eabi/10.3.1/../../../../arm-none-eabi/lib/thumb/v7e-m+fp/hard\libc_nano.a(lib_a-lseekr.o)
 .ARM.attributes
                0x000000000000092f       0x34 c:/st/stm32cubeide_1.10.1/stm32cubeide/plugins/com.st.stm32cube.ide.mcu.externaltools.gnu-tools-for-stm32.10.3-2021.10.win32_1.0.0.202111181127/tools/bin/../lib/gcc/arm-none-eabi/10.3.1/../../../../arm-none-eabi/lib/thumb/v7e-m+fp/hard\libc_nano.a(lib_a-makebuf.o)
 .ARM.attributes
                0x0000000000000963       0x1c c:/st/stm32cubeide_1.10.1/stm32cubeide/plugins/com.st.stm32cube.ide.mcu.externaltools.gnu-tools-for-stm32.10.3-2021.10.win32_1.0.0.202111181127/tools/bin/../lib/gcc/arm-none-eabi/10.3.1/../../../../arm-none-eabi/lib/thumb/v7e-m+fp/hard\libc_nano.a(lib_a-memchr.o)
 .ARM.attributes
                0x000000000000097f       0x34 c:/st/stm32cubeide_1.10.1/stm32cubeide/plugins/com.st.stm32cube.ide.mcu.externaltools.gnu-tools-for-stm32.10.3-2021.10.win32_1.0.0.202111181127/tools/bin/../lib/gcc/arm-none-eabi/10.3.1/../../../../arm-none-eabi/lib/thumb/v7e-m+fp/hard\libc_nano.a(lib_a-mlock.o)
 .ARM.attributes
                0x00000000000009b3       0x34 c:/st/stm32cubeide_1.10.1/stm32cubeide/plugins/com.st.stm32cube.ide.mcu.externaltools.gnu-tools-for-stm32.10.3-2021.10.win32_1.0.0.202111181127/tools/bin/../lib/gcc/arm-none-eabi/10.3.1/../../../../arm-none-eabi/lib/thumb/v7e-m+fp/hard\libc_nano.a(lib_a-readr.o)
 .ARM.attributes
                0x00000000000009e7       0x34 c:/st/stm32cubeide_1.10.1/stm32cubeide/plugins/com.st.stm32cube.ide.mcu.externaltools.gnu-tools-for-stm32.10.3-2021.10.win32_1.0.0.202111181127/tools/bin/../lib/gcc/arm-none-eabi/10.3.1/../../../../arm-none-eabi/lib/thumb/v7e-m+fp/hard\libc_nano.a(lib_a-signal.o)
 .ARM.attributes
                0x0000000000000a1b       0x34 c:/st/stm32cubeide_1.10.1/stm32cubeide/plugins/com.st.stm32cube.ide.mcu.externaltools.gnu-tools-for-stm32.10.3-2021.10.win32_1.0.0.202111181127/tools/bin/../lib/gcc/arm-none-eabi/10.3.1/../../../../arm-none-eabi/lib/thumb/v7e-m+fp/hard\libc_nano.a(lib_a-signalr.o)
 .ARM.attributes
                0x0000000000000a4f       0x34 c:/st/stm32cubeide_1.10.1/stm32cubeide/plugins/com.st.stm32cube.ide.mcu.externaltools.gnu-tools-for-stm32.10.3-2021.10.win32_1.0.0.202111181127/tools/bin/../lib/gcc/arm-none-eabi/10.3.1/../../../../arm-none-eabi/lib/thumb/v7e-m+fp/hard\libc_nano.a(lib_a-fstatr.o)
 .ARM.attributes
                0x0000000000000a83       0x34 c:/st/stm32cubeide_1.10.1/stm32cubeide/plugins/com.st.stm32cube.ide.mcu.externaltools.gnu-tools-for-stm32.10.3-2021.10.win32_1.0.0.202111181127/tools/bin/../lib/gcc/arm-none-eabi/10.3.1/../../../../arm-none-eabi/lib/thumb/v7e-m+fp/hard\libc_nano.a(lib_a-isattyr.o)
 .ARM.attributes
                0x0000000000000ab7       0x1e c:/st/stm32cubeide_1.10.1/stm32cubeide/plugins/com.st.stm32cube.ide.mcu.externaltools.gnu-tools-for-stm32.10.3-2021.10.win32_1.0.0.202111181127/tools/bin/../lib/gcc/arm-none-eabi/10.3.1/thumb/v7e-m+fp/hard\libgcc.a(_aeabi_uldivmod.o)
 .ARM.attributes
                0x0000000000000ad5       0x34 c:/st/stm32cubeide_1.10.1/stm32cubeide/plugins/com.st.stm32cube.ide.mcu.externaltools.gnu-tools-for-stm32.10.3-2021.10.win32_1.0.0.202111181127/tools/bin/../lib/gcc/arm-none-eabi/10.3.1/thumb/v7e-m+fp/hard\libgcc.a(_udivmoddi4.o)
 .ARM.attributes
                0x0000000000000b09       0x1e c:/st/stm32cubeide_1.10.1/stm32cubeide/plugins/com.st.stm32cube.ide.mcu.externaltools.gnu-tools-for-stm32.10.3-2021.10.win32_1.0.0.202111181127/tools/bin/../lib/gcc/arm-none-eabi/10.3.1/thumb/v7e-m+fp/hard\libgcc.a(_dvmd_tls.o)
 .ARM.attributes
                0x0000000000000b27       0x34 c:/st/stm32cubeide_1.10.1/stm32cubeide/plugins/com.st.stm32cube.ide.mcu.externaltools.gnu-tools-for-stm32.10.3-2021.10.win32_1.0.0.202111181127/tools/bin/../lib/gcc/arm-none-eabi/10.3.1/../../../../arm-none-eabi/lib/thumb/v7e-m+fp/hard\libnosys.a(gettod.o)
 .ARM.attributes
                0x0000000000000b5b       0x1e c:/st/stm32cubeide_1.10.1/stm32cubeide/plugins/com.st.stm32cube.ide.mcu.externaltools.gnu-tools-for-stm32.10.3-2021.10.win32_1.0.0.202111181127/tools/bin/../lib/gcc/arm-none-eabi/10.3.1/thumb/v7e-m+fp/hard/crtn.o
OUTPUT(Serial_stm.elf elf32-littlearm)
LOAD linker stubs
LOAD c:/st/stm32cubeide_1.10.1/stm32cubeide/plugins/com.st.stm32cube.ide.mcu.externaltools.gnu-tools-for-stm32.10.3-2021.10.win32_1.0.0.202111181127/tools/bin/../lib/gcc/arm-none-eabi/10.3.1/../../../../arm-none-eabi/lib/thumb/v7e-m+fp/hard\libc.a
LOAD c:/st/stm32cubeide_1.10.1/stm32cubeide/plugins/com.st.stm32cube.ide.mcu.externaltools.gnu-tools-for-stm32.10.3-2021.10.win32_1.0.0.202111181127/tools/bin/../lib/gcc/arm-none-eabi/10.3.1/../../../../arm-none-eabi/lib/thumb/v7e-m+fp/hard\libm.a
LOAD c:/st/stm32cubeide_1.10.1/stm32cubeide/plugins/com.st.stm32cube.ide.mcu.externaltools.gnu-tools-for-stm32.10.3-2021.10.win32_1.0.0.202111181127/tools/bin/../lib/gcc/arm-none-eabi/10.3.1/thumb/v7e-m+fp/hard\libgcc.a

.debug_info     0x0000000000000000     0xafda
 .debug_info    0x0000000000000000     0x10ce ./Core/Src/main.o
 .debug_info    0x00000000000010ce      0xef5 ./Core/Src/stm32g4xx_hal_msp.o
 .debug_info    0x0000000000001fc3      0x869 ./Core/Src/stm32g4xx_it.o
 .debug_info    0x000000000000282c      0x6e0 ./Core/Src/syscalls.o
 .debug_info    0x0000000000002f0c      0x171 ./Core/Src/sysmem.o
 .debug_info    0x000000000000307d      0x59f ./Core/Src/system_stm32g4xx.o
 .debug_info    0x000000000000361c       0x22 ./Core/Startup/startup_stm32g474retx.o
 .debug_info    0x000000000000363e      0xb9f ./Drivers/STM32G4xx_HAL_Driver/Src/stm32g4xx_hal.o
 .debug_info    0x00000000000041dd      0xe7e ./Drivers/STM32G4xx_HAL_Driver/Src/stm32g4xx_hal_cortex.o
 .debug_info    0x000000000000505b      0x8ee ./Drivers/STM32G4xx_HAL_Driver/Src/stm32g4xx_hal_dma.o
 .debug_info    0x0000000000005949      0x82f ./Drivers/STM32G4xx_HAL_Driver/Src/stm32g4xx_hal_gpio.o
 .debug_info    0x0000000000006178      0x983 ./Drivers/STM32G4xx_HAL_Driver/Src/stm32g4xx_hal_pwr_ex.o
 .debug_info    0x0000000000006afb      0xcb9 ./Drivers/STM32G4xx_HAL_Driver/Src/stm32g4xx_hal_rcc.o
 .debug_info    0x00000000000077b4      0xd32 ./Drivers/STM32G4xx_HAL_Driver/Src/stm32g4xx_hal_rcc_ex.o
 .debug_info    0x00000000000084e6     0x1cde ./Drivers/STM32G4xx_HAL_Driver/Src/stm32g4xx_hal_uart.o
 .debug_info    0x000000000000a1c4      0xe16 ./Drivers/STM32G4xx_HAL_Driver/Src/stm32g4xx_hal_uart_ex.o

.debug_abbrev   0x0000000000000000     0x1e40
 .debug_abbrev  0x0000000000000000      0x2f4 ./Core/Src/main.o
 .debug_abbrev  0x00000000000002f4      0x1b0 ./Core/Src/stm32g4xx_hal_msp.o
 .debug_abbrev  0x00000000000004a4      0x15f ./Core/Src/stm32g4xx_it.o
 .debug_abbrev  0x0000000000000603      0x1b3 ./Core/Src/syscalls.o
 .debug_abbrev  0x00000000000007b6       0xbb ./Core/Src/sysmem.o
 .debug_abbrev  0x0000000000000871      0x116 ./Core/Src/system_stm32g4xx.o
 .debug_abbrev  0x0000000000000987       0x12 ./Core/Startup/startup_stm32g474retx.o
 .debug_abbrev  0x0000000000000999      0x23a ./Drivers/STM32G4xx_HAL_Driver/Src/stm32g4xx_hal.o
 .debug_abbrev  0x0000000000000bd3      0x30d ./Drivers/STM32G4xx_HAL_Driver/Src/stm32g4xx_hal_cortex.o
 .debug_abbrev  0x0000000000000ee0      0x1d7 ./Drivers/STM32G4xx_HAL_Driver/Src/stm32g4xx_hal_dma.o
 .debug_abbrev  0x00000000000010b7      0x1bb ./Drivers/STM32G4xx_HAL_Driver/Src/stm32g4xx_hal_gpio.o
 .debug_abbrev  0x0000000000001272      0x229 ./Drivers/STM32G4xx_HAL_Driver/Src/stm32g4xx_hal_pwr_ex.o
 .debug_abbrev  0x000000000000149b      0x2bd ./Drivers/STM32G4xx_HAL_Driver/Src/stm32g4xx_hal_rcc.o
 .debug_abbrev  0x0000000000001758      0x247 ./Drivers/STM32G4xx_HAL_Driver/Src/stm32g4xx_hal_rcc_ex.o
 .debug_abbrev  0x000000000000199f      0x27c ./Drivers/STM32G4xx_HAL_Driver/Src/stm32g4xx_hal_uart.o
 .debug_abbrev  0x0000000000001c1b      0x225 ./Drivers/STM32G4xx_HAL_Driver/Src/stm32g4xx_hal_uart_ex.o

.debug_aranges  0x0000000000000000      0xaa8
 .debug_aranges
                0x0000000000000000       0x58 ./Core/Src/main.o
 .debug_aranges
                0x0000000000000058       0x30 ./Core/Src/stm32g4xx_hal_msp.o
 .debug_aranges
                0x0000000000000088       0x68 ./Core/Src/stm32g4xx_it.o
 .debug_aranges
                0x00000000000000f0       0xa8 ./Core/Src/syscalls.o
 .debug_aranges
                0x0000000000000198       0x20 ./Core/Src/sysmem.o
 .debug_aranges
                0x00000000000001b8       0x28 ./Core/Src/system_stm32g4xx.o
 .debug_aranges
                0x00000000000001e0       0x28 ./Core/Startup/startup_stm32g474retx.o
 .debug_aranges
                0x0000000000000208      0x130 ./Drivers/STM32G4xx_HAL_Driver/Src/stm32g4xx_hal.o
 .debug_aranges
                0x0000000000000338      0x118 ./Drivers/STM32G4xx_HAL_Driver/Src/stm32g4xx_hal_cortex.o
 .debug_aranges
                0x0000000000000450       0x90 ./Drivers/STM32G4xx_HAL_Driver/Src/stm32g4xx_hal_dma.o
 .debug_aranges
                0x00000000000004e0       0x58 ./Drivers/STM32G4xx_HAL_Driver/Src/stm32g4xx_hal_gpio.o
 .debug_aranges
                0x0000000000000538      0x140 ./Drivers/STM32G4xx_HAL_Driver/Src/stm32g4xx_hal_pwr_ex.o
 .debug_aranges
                0x0000000000000678       0x98 ./Drivers/STM32G4xx_HAL_Driver/Src/stm32g4xx_hal_rcc.o
 .debug_aranges
                0x0000000000000710       0xb0 ./Drivers/STM32G4xx_HAL_Driver/Src/stm32g4xx_hal_rcc_ex.o
 .debug_aranges
                0x00000000000007c0      0x248 ./Drivers/STM32G4xx_HAL_Driver/Src/stm32g4xx_hal_uart.o
 .debug_aranges
                0x0000000000000a08       0xa0 ./Drivers/STM32G4xx_HAL_Driver/Src/stm32g4xx_hal_uart_ex.o

.debug_ranges   0x0000000000000000      0x9e0
 .debug_ranges  0x0000000000000000       0x48 ./Core/Src/main.o
 .debug_ranges  0x0000000000000048       0x20 ./Core/Src/stm32g4xx_hal_msp.o
 .debug_ranges  0x0000000000000068       0x58 ./Core/Src/stm32g4xx_it.o
 .debug_ranges  0x00000000000000c0       0x98 ./Core/Src/syscalls.o
 .debug_ranges  0x0000000000000158       0x10 ./Core/Src/sysmem.o
 .debug_ranges  0x0000000000000168       0x18 ./Core/Src/system_stm32g4xx.o
 .debug_ranges  0x0000000000000180       0x20 ./Core/Startup/startup_stm32g474retx.o
 .debug_ranges  0x00000000000001a0      0x120 ./Drivers/STM32G4xx_HAL_Driver/Src/stm32g4xx_hal.o
 .debug_ranges  0x00000000000002c0      0x108 ./Drivers/STM32G4xx_HAL_Driver/Src/stm32g4xx_hal_cortex.o
 .debug_ranges  0x00000000000003c8       0x80 ./Drivers/STM32G4xx_HAL_Driver/Src/stm32g4xx_hal_dma.o
 .debug_ranges  0x0000000000000448       0x48 ./Drivers/STM32G4xx_HAL_Driver/Src/stm32g4xx_hal_gpio.o
 .debug_ranges  0x0000000000000490      0x130 ./Drivers/STM32G4xx_HAL_Driver/Src/stm32g4xx_hal_pwr_ex.o
 .debug_ranges  0x00000000000005c0       0x88 ./Drivers/STM32G4xx_HAL_Driver/Src/stm32g4xx_hal_rcc.o
 .debug_ranges  0x0000000000000648       0xa0 ./Drivers/STM32G4xx_HAL_Driver/Src/stm32g4xx_hal_rcc_ex.o
 .debug_ranges  0x00000000000006e8      0x268 ./Drivers/STM32G4xx_HAL_Driver/Src/stm32g4xx_hal_uart.o
 .debug_ranges  0x0000000000000950       0x90 ./Drivers/STM32G4xx_HAL_Driver/Src/stm32g4xx_hal_uart_ex.o

.debug_macro    0x0000000000000000    0x25360
 .debug_macro   0x0000000000000000      0x373 ./Core/Src/main.o
 .debug_macro   0x0000000000000373      0xa78 ./Core/Src/main.o
 .debug_macro   0x0000000000000deb      0x155 ./Core/Src/main.o
 .debug_macro   0x0000000000000f40       0x2e ./Core/Src/main.o
 .debug_macro   0x0000000000000f6e       0x28 ./Core/Src/main.o
 .debug_macro   0x0000000000000f96       0x22 ./Core/Src/main.o
 .debug_macro   0x0000000000000fb8       0x8e ./Core/Src/main.o
 .debug_macro   0x0000000000001046       0x51 ./Core/Src/main.o
 .debug_macro   0x0000000000001097      0x103 ./Core/Src/main.o
 .debug_macro   0x000000000000119a       0x6a ./Core/Src/main.o
 .debug_macro   0x0000000000001204      0x1df ./Core/Src/main.o
 .debug_macro   0x00000000000013e3       0x1c ./Core/Src/main.o
 .debug_macro   0x00000000000013ff       0x22 ./Core/Src/main.o
 .debug_macro   0x0000000000001421       0xfb ./Core/Src/main.o
 .debug_macro   0x000000000000151c     0x1011 ./Core/Src/main.o
 .debug_macro   0x000000000000252d      0x11f ./Core/Src/main.o
 .debug_macro   0x000000000000264c    0x18596 ./Core/Src/main.o
 .debug_macro   0x000000000001abe2       0x43 ./Core/Src/main.o
 .debug_macro   0x000000000001ac25     0x34f4 ./Core/Src/main.o
 .debug_macro   0x000000000001e119      0x174 ./Core/Src/main.o
 .debug_macro   0x000000000001e28d       0x5c ./Core/Src/main.o
 .debug_macro   0x000000000001e2e9     0x16e0 ./Core/Src/main.o
 .debug_macro   0x000000000001f9c9      0x600 ./Core/Src/main.o
 .debug_macro   0x000000000001ffc9      0x137 ./Core/Src/main.o
 .debug_macro   0x0000000000020100      0x34b ./Core/Src/main.o
 .debug_macro   0x000000000002044b      0x53c ./Core/Src/main.o
 .debug_macro   0x0000000000020987      0x18b ./Core/Src/main.o
 .debug_macro   0x0000000000020b12       0x43 ./Core/Src/main.o
 .debug_macro   0x0000000000020b55      0x23d ./Core/Src/main.o
 .debug_macro   0x0000000000020d92      0x212 ./Core/Src/main.o
 .debug_macro   0x0000000000020fa4      0x45c ./Core/Src/main.o
 .debug_macro   0x0000000000021400      0x11c ./Core/Src/main.o
 .debug_macro   0x000000000002151c      0x122 ./Core/Src/main.o
 .debug_macro   0x000000000002163e      0x3d1 ./Core/Src/main.o
 .debug_macro   0x0000000000021a0f      0x67e ./Core/Src/main.o
 .debug_macro   0x000000000002208d       0xa6 ./Core/Src/main.o
 .debug_macro   0x0000000000022133      0x359 ./Core/Src/main.o
 .debug_macro   0x000000000002248c       0x52 ./Core/Src/main.o
 .debug_macro   0x00000000000224de       0x1e ./Core/Src/main.o
 .debug_macro   0x00000000000224fc       0x3c ./Core/Src/main.o
 .debug_macro   0x0000000000022538       0x34 ./Core/Src/main.o
 .debug_macro   0x000000000002256c       0x16 ./Core/Src/main.o
 .debug_macro   0x0000000000022582       0x43 ./Core/Src/main.o
 .debug_macro   0x00000000000225c5       0x34 ./Core/Src/main.o
 .debug_macro   0x00000000000225f9       0x10 ./Core/Src/main.o
 .debug_macro   0x0000000000022609       0x58 ./Core/Src/main.o
 .debug_macro   0x0000000000022661       0x71 ./Core/Src/main.o
 .debug_macro   0x00000000000226d2       0x1c ./Core/Src/main.o
 .debug_macro   0x00000000000226ee      0x12a ./Core/Src/main.o
 .debug_macro   0x0000000000022818      0x341 ./Core/Src/main.o
 .debug_macro   0x0000000000022b59       0x10 ./Core/Src/main.o
 .debug_macro   0x0000000000022b69       0x35 ./Core/Src/main.o
 .debug_macro   0x0000000000022b9e       0x20 ./Core/Src/main.o
 .debug_macro   0x0000000000022bbe       0x1c ./Core/Src/main.o
 .debug_macro   0x0000000000022bda       0x10 ./Core/Src/main.o
 .debug_macro   0x0000000000022bea       0x10 ./Core/Src/main.o
 .debug_macro   0x0000000000022bfa       0x1c ./Core/Src/main.o
 .debug_macro   0x0000000000022c16       0x52 ./Core/Src/main.o
 .debug_macro   0x0000000000022c68       0x22 ./Core/Src/main.o
 .debug_macro   0x0000000000022c8a       0x10 ./Core/Src/main.o
 .debug_macro   0x0000000000022c9a       0x52 ./Core/Src/main.o
 .debug_macro   0x0000000000022cec       0xd5 ./Core/Src/main.o
 .debug_macro   0x0000000000022dc1       0x1c ./Core/Src/main.o
 .debug_macro   0x0000000000022ddd       0x3d ./Core/Src/main.o
 .debug_macro   0x0000000000022e1a       0x16 ./Core/Src/main.o
 .debug_macro   0x0000000000022e30      0x145 ./Core/Src/main.o
 .debug_macro   0x0000000000022f75       0x16 ./Core/Src/main.o
 .debug_macro   0x0000000000022f8b       0x10 ./Core/Src/main.o
 .debug_macro   0x0000000000022f9b       0x41 ./Core/Src/main.o
 .debug_macro   0x0000000000022fdc      0x1c4 ./Core/Src/stm32g4xx_hal_msp.o
 .debug_macro   0x00000000000231a0      0x1ce ./Core/Src/stm32g4xx_it.o
 .debug_macro   0x000000000002336e      0x24c ./Core/Src/syscalls.o
 .debug_macro   0x00000000000235ba       0x4c ./Core/Src/syscalls.o
 .debug_macro   0x0000000000023606       0x94 ./Core/Src/syscalls.o
 .debug_macro   0x000000000002369a       0x57 ./Core/Src/syscalls.o
 .debug_macro   0x00000000000236f1       0x10 ./Core/Src/syscalls.o
 .debug_macro   0x0000000000023701       0x10 ./Core/Src/syscalls.o
 .debug_macro   0x0000000000023711       0x35 ./Core/Src/syscalls.o
 .debug_macro   0x0000000000023746      0x12c ./Core/Src/syscalls.o
 .debug_macro   0x0000000000023872       0x16 ./Core/Src/syscalls.o
 .debug_macro   0x0000000000023888       0x16 ./Core/Src/syscalls.o
 .debug_macro   0x000000000002389e       0x29 ./Core/Src/syscalls.o
 .debug_macro   0x00000000000238c7       0x10 ./Core/Src/syscalls.o